Archive member included to satisfy reference by file (symbol)

/Applications/ArmGNUToolchain/13.2.Rel1/arm-none-eabi/bin/../lib/gcc/arm-none-eabi/13.2.1/thumb/v6-m/nofp/libgcc.a(_dvmd_tls.o)
                              CMakeFiles/MPU6050.dir/Users/holgernavarroherrera/pico/pico-sdk/src/rp2_common/pico_divider/divider.S.obj (__aeabi_idiv0)
/Applications/ArmGNUToolchain/13.2.Rel1/arm-none-eabi/bin/../lib/gcc/arm-none-eabi/13.2.1/../../../../arm-none-eabi/lib/thumb/v6-m/nofp/libg.a(libc_a-calloc.o)
                              CMakeFiles/MPU6050.dir/Users/holgernavarroherrera/pico/pico-sdk/src/rp2_common/pico_malloc/pico_malloc.c.obj (calloc)
/Applications/ArmGNUToolchain/13.2.Rel1/arm-none-eabi/bin/../lib/gcc/arm-none-eabi/13.2.1/../../../../arm-none-eabi/lib/thumb/v6-m/nofp/libg.a(libc_a-callocr.o)
                              /Applications/ArmGNUToolchain/13.2.Rel1/arm-none-eabi/bin/../lib/gcc/arm-none-eabi/13.2.1/../../../../arm-none-eabi/lib/thumb/v6-m/nofp/libg.a(libc_a-calloc.o) (_calloc_r)
/Applications/ArmGNUToolchain/13.2.Rel1/arm-none-eabi/bin/../lib/gcc/arm-none-eabi/13.2.1/../../../../arm-none-eabi/lib/thumb/v6-m/nofp/libg.a(libc_a-malloc.o)
                              CMakeFiles/MPU6050.dir/Users/holgernavarroherrera/pico/pico-sdk/src/rp2_common/pico_malloc/pico_malloc.c.obj (malloc)
/Applications/ArmGNUToolchain/13.2.Rel1/arm-none-eabi/bin/../lib/gcc/arm-none-eabi/13.2.1/../../../../arm-none-eabi/lib/thumb/v6-m/nofp/libg.a(libc_a-mallocr.o)
                              /Applications/ArmGNUToolchain/13.2.Rel1/arm-none-eabi/bin/../lib/gcc/arm-none-eabi/13.2.1/../../../../arm-none-eabi/lib/thumb/v6-m/nofp/libg.a(libc_a-callocr.o) (_malloc_r)
/Applications/ArmGNUToolchain/13.2.Rel1/arm-none-eabi/bin/../lib/gcc/arm-none-eabi/13.2.1/../../../../arm-none-eabi/lib/thumb/v6-m/nofp/libg.a(libc_a-mlock.o)
                              /Applications/ArmGNUToolchain/13.2.Rel1/arm-none-eabi/bin/../lib/gcc/arm-none-eabi/13.2.1/../../../../arm-none-eabi/lib/thumb/v6-m/nofp/libg.a(libc_a-mallocr.o) (__malloc_lock)
/Applications/ArmGNUToolchain/13.2.Rel1/arm-none-eabi/bin/../lib/gcc/arm-none-eabi/13.2.1/../../../../arm-none-eabi/lib/thumb/v6-m/nofp/libg.a(libc_a-realloc.o)
                              CMakeFiles/MPU6050.dir/Users/holgernavarroherrera/pico/pico-sdk/src/rp2_common/pico_malloc/pico_malloc.c.obj (realloc)
/Applications/ArmGNUToolchain/13.2.Rel1/arm-none-eabi/bin/../lib/gcc/arm-none-eabi/13.2.1/../../../../arm-none-eabi/lib/thumb/v6-m/nofp/libg.a(libc_a-reallocr.o)
                              /Applications/ArmGNUToolchain/13.2.Rel1/arm-none-eabi/bin/../lib/gcc/arm-none-eabi/13.2.1/../../../../arm-none-eabi/lib/thumb/v6-m/nofp/libg.a(libc_a-realloc.o) (_realloc_r)
/Applications/ArmGNUToolchain/13.2.Rel1/arm-none-eabi/bin/../lib/gcc/arm-none-eabi/13.2.1/../../../../arm-none-eabi/lib/thumb/v6-m/nofp/libg.a(libc_a-memmove.o)
                              /Applications/ArmGNUToolchain/13.2.Rel1/arm-none-eabi/bin/../lib/gcc/arm-none-eabi/13.2.1/../../../../arm-none-eabi/lib/thumb/v6-m/nofp/libg.a(libc_a-reallocr.o) (memmove)
/Applications/ArmGNUToolchain/13.2.Rel1/arm-none-eabi/bin/../lib/gcc/arm-none-eabi/13.2.1/../../../../arm-none-eabi/lib/thumb/v6-m/nofp/libg.a(libc_a-impure.o)
                              /Applications/ArmGNUToolchain/13.2.Rel1/arm-none-eabi/bin/../lib/gcc/arm-none-eabi/13.2.1/../../../../arm-none-eabi/lib/thumb/v6-m/nofp/libg.a(libc_a-calloc.o) (_impure_ptr)
/Applications/ArmGNUToolchain/13.2.Rel1/arm-none-eabi/bin/../lib/gcc/arm-none-eabi/13.2.1/../../../../arm-none-eabi/lib/thumb/v6-m/nofp/libg.a(libc_a-sbrkr.o)
                              /Applications/ArmGNUToolchain/13.2.Rel1/arm-none-eabi/bin/../lib/gcc/arm-none-eabi/13.2.1/../../../../arm-none-eabi/lib/thumb/v6-m/nofp/libg.a(libc_a-mallocr.o) (_sbrk_r)
/Applications/ArmGNUToolchain/13.2.Rel1/arm-none-eabi/bin/../lib/gcc/arm-none-eabi/13.2.1/../../../../arm-none-eabi/lib/thumb/v6-m/nofp/libg.a(libc_a-errno.o)
                              /Applications/ArmGNUToolchain/13.2.Rel1/arm-none-eabi/bin/../lib/gcc/arm-none-eabi/13.2.1/../../../../arm-none-eabi/lib/thumb/v6-m/nofp/libg.a(libc_a-callocr.o) (__errno)
/Applications/ArmGNUToolchain/13.2.Rel1/arm-none-eabi/bin/../lib/gcc/arm-none-eabi/13.2.1/../../../../arm-none-eabi/lib/thumb/v6-m/nofp/libg.a(libc_a-sysconf.o)
                              /Applications/ArmGNUToolchain/13.2.Rel1/arm-none-eabi/bin/../lib/gcc/arm-none-eabi/13.2.1/../../../../arm-none-eabi/lib/thumb/v6-m/nofp/libg.a(libc_a-mallocr.o) (sysconf)
/Applications/ArmGNUToolchain/13.2.Rel1/arm-none-eabi/bin/../lib/gcc/arm-none-eabi/13.2.1/../../../../arm-none-eabi/lib/thumb/v6-m/nofp/libg.a(libc_a-init.o)
                              /Applications/ArmGNUToolchain/13.2.Rel1/arm-none-eabi/bin/../lib/gcc/arm-none-eabi/13.2.1/../../../../arm-none-eabi/lib/thumb/v6-m/nofp/crt0.o (__libc_init_array)
[...]
Memory Configuration

Name             Origin             Length             Attributes
FLASH            0x10000000         0x00200000         xr
RAM              0x20000000         0x00040000         xrw
SCRATCH_X        0x20040000         0x00001000         xrw
SCRATCH_Y        0x20041000         0x00001000         xrw
*default*        0x00000000         0xffffffff

Linker script and memory map

LOAD /Applications/ArmGNUToolchain/13.2.Rel1/arm-none-eabi/bin/../lib/gcc/arm-none-eabi/13.2.1/thumb/v6-m/nofp/crti.o
LOAD /Applications/ArmGNUToolchain/13.2.Rel1/arm-none-eabi/bin/../lib/gcc/arm-none-eabi/13.2.1/thumb/v6-m/nofp/crtbegin.o
LOAD /Applications/ArmGNUToolchain/13.2.Rel1/arm-none-eabi/bin/../lib/gcc/arm-none-eabi/13.2.1/../../../../arm-none-eabi/lib/thumb/v6-m/nofp/crt0.o

.flash_begin    0x10000000        0x0
                0x10000000                        __flash_binary_start = .

.boot2          0x10000000      0x100
                0x10000000                        __boot2_start__ = .
 *(.boot2)
 .boot2         0x10000000      0x100 /var/folders/fc/7nx19bjn3llbc9rlvz7c1m0h0000gn/T//ccTHpTwz.o
                0x10000100                        __boot2_end__ = .
                0x00000001                        ASSERT (((__boot2_end__ - __boot2_start__) == 0x100), ERROR: Pico second stage bootloader must be 256 bytes in size)

.text           0x10000100     0x7270
                0x10000100                        __logical_binary_start = .
 *(.vectors)
 .vectors       0x10000100       0xd4 CMakeFiles/MPU6050.dir/Users/holgernavarroherrera/pico/pico-sdk/src/rp2_common/pico_standard_link/crt0.S.obj
                0x10000100                __VECTOR_TABLE
                0x10000100                __vectors
                0x100001c0                __default_isrs_start
                0x100001c0                isr_invalid
                0x100001c2                isr_nmi
                0x100001c4                isr_hardfault
                0x100001c6                isr_svcall
                0x100001c8                isr_pendsv
                0x100001ca                isr_systick
                0x100001cc                isr_irq28
                0x100001cc                isr_irq19
                0x100001cc                isr_irq0
                0x100001cc                isr_irq6
                0x100001cc                isr_irq22
                0x100001cc                isr_irq17
                0x100001cc                isr_irq14
                0x100001cc                isr_irq2
                0x100001cc                isr_irq10
                0x100001cc                isr_irq8
                0x100001cc                isr_irq24
                0x100001cc                isr_irq1
                0x100001cc                isr_irq7
                0x100001cc                isr_irq21
                0x100001cc                isr_irq20
                0x100001cc                isr_irq15
                0x100001cc                isr_irq25
                0x100001cc                isr_irq4
                0x100001cc                isr_irq16
                0x100001cc                isr_irq29
                0x100001cc                isr_irq26
                0x100001cc                __default_isrs_end
                0x100001cc                isr_irq3
                0x100001cc                isr_irq9
                0x100001cc                __unhandled_user_irq
                0x100001cc                isr_irq13
                0x100001cc                isr_irq27
                0x100001cc                isr_irq31
                0x100001cc                isr_irq5
                0x100001cc                isr_irq11
                0x100001cc                isr_irq23
                0x100001cc                isr_irq18
                0x100001cc                isr_irq30
                0x100001cc                isr_irq12
                0x100001d2                unhandled_user_irq_num_in_r0
 *(.binary_info_header)
 .binary_info_header
                0x100001d4       0x14 CMakeFiles/MPU6050.dir/Users/holgernavarroherrera/pico/pico-sdk/src/rp2_common/pico_standard_link/crt0.S.obj
                0x100001e8                        __binary_info_header_end = .
 *(.reset)
 .reset         0x100001e8       0xa0 CMakeFiles/MPU6050.dir/Users/holgernavarroherrera/pico/pico-sdk/src/rp2_common/pico_standard_link/crt0.S.obj
                0x100001e8                _entry_point
 .reset         0x10000288       0x30 CMakeFiles/MPU6050.dir/Users/holgernavarroherrera/pico/pico-sdk/src/rp2_common/pico_standard_link/binary_info.c.obj
 *(.init)
 .init          0x100002b8        0x4 /Applications/ArmGNUToolchain/13.2.Rel1/arm-none-eabi/bin/../lib/gcc/arm-none-eabi/13.2.1/thumb/v6-m/nofp/crti.o
                0x100002b8                _init
 *(EXCLUDE_FILE(*libm.a: *libc.a:*lib_a-mem*.o *libgcc.a:) .text*)
 .text.register_tm_clones
                0x100002bc       0x28 /Applications/ArmGNUToolchain/13.2.Rel1/arm-none-eabi/bin/../lib/gcc/arm-none-eabi/13.2.1/thumb/v6-m/nofp/crtbegin.o
 .text.frame_dummy
                0x100002e4       0x24 /Applications/ArmGNUToolchain/13.2.Rel1/arm-none-eabi/bin/../lib/gcc/arm-none-eabi/13.2.1/thumb/v6-m/nofp/crtbegin.o
 .text.adc_gpio_init
                0x10000308       0x1e CMakeFiles/MPU6050.dir/src/main.c.obj
 *fill*         0x10000326        0x2 
 .text.main     0x10000328      0x138 CMakeFiles/MPU6050.dir/src/main.c.obj
                0x10000328                main
 .text.MPU6050_Reset
                0x10000460       0x20 CMakeFiles/MPU6050.dir/src/MPU6050.c.obj
                0x10000460                MPU6050_Reset
 .text.MPU6050_ReadData
                0x10000480       0xe0 CMakeFiles/MPU6050.dir/src/MPU6050.c.obj
                0x10000480                MPU6050_ReadData
 .text.gpio_set_function
                0x10000560       0x30 CMakeFiles/MPU6050.dir/Users/holgernavarroherrera/pico/pico-sdk/src/rp2_common/hardware_gpio/gpio.c.obj
                0x10000560                gpio_set_function
 .text.gpio_set_pulls
                0x10000590       0x34 CMakeFiles/MPU6050.dir/Users/holgernavarroherrera/pico/pico-sdk/src/rp2_common/hardware_gpio/gpio.c.obj
                0x10000590                gpio_set_pulls
 .text.gpio_set_input_enabled
                0x100005c4       0x30 CMakeFiles/MPU6050.dir/Users/holgernavarroherrera/pico/pico-sdk/src/rp2_common/hardware_gpio/gpio.c.obj
                0x100005c4                gpio_set_input_enabled
 .text.running_on_fpga
                0x100005f4       0x14 CMakeFiles/MPU6050.dir/Users/holgernavarroherrera/pico/pico-sdk/src/rp2_common/pico_platform/platform.c.obj
                0x100005f4                running_on_fpga
 .text.hw_claim_lock
                0x10000608       0x18 CMakeFiles/MPU6050.dir/Users/holgernavarroherrera/pico/pico-sdk/src/rp2_common/hardware_claim/claim.c.obj
                0x10000608                hw_claim_lock
 .text.hw_claim_unlock
                0x10000620       0x14 CMakeFiles/MPU6050.dir/Users/holgernavarroherrera/pico/pico-sdk/src/rp2_common/hardware_claim/claim.c.obj
                0x10000620                hw_claim_unlock
 .text.hw_claim_or_assert
                0x10000634       0x32 CMakeFiles/MPU6050.dir/Users/holgernavarroherrera/pico/pico-sdk/src/rp2_common/hardware_claim/claim.c.obj
                0x10000634                hw_claim_or_assert
 .text.hw_claim_unused_from_range
                0x10000666       0x50 CMakeFiles/MPU6050.dir/Users/holgernavarroherrera/pico/pico-sdk/src/rp2_common/hardware_claim/claim.c.obj
                0x10000666                hw_claim_unused_from_range
 *fill*         0x100006b6        0x2 
 .text.spin_locks_reset
                0x100006b8       0x20 CMakeFiles/MPU6050.dir/Users/holgernavarroherrera/pico/pico-sdk/src/rp2_common/hardware_sync/sync.c.obj
                0x100006b8                spin_locks_reset
 .text.next_striped_spin_lock_num
                0x100006d8       0x1c CMakeFiles/MPU6050.dir/Users/holgernavarroherrera/pico/pico-sdk/src/rp2_common/hardware_sync/sync.c.obj
                0x100006d8                next_striped_spin_lock_num
 .text.spin_lock_claim_unused
                0x100006f4       0x24 CMakeFiles/MPU6050.dir/Users/holgernavarroherrera/pico/pico-sdk/src/rp2_common/hardware_sync/sync.c.obj
                0x100006f4                spin_lock_claim_unused
 .text.set_raw_irq_handler_and_unlock
                0x10000718       0x28 CMakeFiles/MPU6050.dir/Users/holgernavarroherrera/pico/pico-sdk/src/rp2_common/hardware_irq/irq.c.obj
 .text.resolve_branch
                0x10000740       0x30 CMakeFiles/MPU6050.dir/Users/holgernavarroherrera/pico/pico-sdk/src/rp2_common/hardware_irq/irq.c.obj
 .text.make_branch
                0x10000770       0x48 CMakeFiles/MPU6050.dir/Users/holgernavarroherrera/pico/pico-sdk/src/rp2_common/hardware_irq/irq.c.obj
 .text.insert_branch_and_link
                0x100007b8       0x40 CMakeFiles/MPU6050.dir/Users/holgernavarroherrera/pico/pico-sdk/src/rp2_common/hardware_irq/irq.c.obj
 .text.irq_is_enabled
                0x100007f8       0x18 CMakeFiles/MPU6050.dir/Users/holgernavarroherrera/pico/pico-sdk/src/rp2_common/hardware_irq/irq.c.obj
                0x100007f8                irq_is_enabled
 .text.irq_set_mask_enabled
                0x10000810       0x20 CMakeFiles/MPU6050.dir/Users/holgernavarroherrera/pico/pico-sdk/src/rp2_common/hardware_irq/irq.c.obj
                0x10000810                irq_set_mask_enabled
 .text.irq_set_enabled
                0x10000830        0xe CMakeFiles/MPU6050.dir/Users/holgernavarroherrera/pico/pico-sdk/src/rp2_common/hardware_irq/irq.c.obj
                0x10000830                irq_set_enabled
 *fill*         0x1000083e        0x2 
 .text.irq_set_pending
                0x10000840       0x10 CMakeFiles/MPU6050.dir/Users/holgernavarroherrera/pico/pico-sdk/src/rp2_common/hardware_irq/irq.c.obj
                0x10000840                irq_set_pending
 .text.irq_get_vtable_handler
                0x10000850       0x10 CMakeFiles/MPU6050.dir/Users/holgernavarroherrera/pico/pico-sdk/src/rp2_common/hardware_irq/irq.c.obj
                0x10000850                irq_get_vtable_handler
 .text.irq_has_shared_handler
                0x10000860       0x24 CMakeFiles/MPU6050.dir/Users/holgernavarroherrera/pico/pico-sdk/src/rp2_common/hardware_irq/irq.c.obj
                0x10000860                irq_has_shared_handler
 .text.irq_set_exclusive_handler
                0x10000884       0x54 CMakeFiles/MPU6050.dir/Users/holgernavarroherrera/pico/pico-sdk/src/rp2_common/hardware_irq/irq.c.obj
                0x10000884                irq_set_exclusive_handler
 .text.irq_add_shared_handler
                0x100008d8      0x210 CMakeFiles/MPU6050.dir/Users/holgernavarroherrera/pico/pico-sdk/src/rp2_common/hardware_irq/irq.c.obj
                0x100008d8                irq_add_shared_handler
 .text.irq_remove_handler
                0x10000ae8      0x188 CMakeFiles/MPU6050.dir/Users/holgernavarroherrera/pico/pico-sdk/src/rp2_common/hardware_irq/irq.c.obj
                0x10000ae8                irq_remove_handler
 .text.irq_add_tail_to_free_list
                0x10000c70       0xf0 CMakeFiles/MPU6050.dir/Users/holgernavarroherrera/pico/pico-sdk/src/rp2_common/hardware_irq/irq.c.obj
                0x10000c70                irq_add_tail_to_free_list
 .text.irq_init_priorities
                0x10000d60       0x1c CMakeFiles/MPU6050.dir/Users/holgernavarroherrera/pico/pico-sdk/src/rp2_common/hardware_irq/irq.c.obj
                0x10000d60                irq_init_priorities
 .text.user_irq_claim_unused
                0x10000d7c       0x2c CMakeFiles/MPU6050.dir/Users/holgernavarroherrera/pico/pico-sdk/src/rp2_common/hardware_irq/irq.c.obj
                0x10000d7c                user_irq_claim_unused
 .text.lock_init
                0x10000da8       0x10 CMakeFiles/MPU6050.dir/Users/holgernavarroherrera/pico/pico-sdk/src/common/pico_sync/lock_core.c.obj
                0x10000da8                lock_init
 .text.update_us_since_boot
                0x10000db8       0x24 CMakeFiles/MPU6050.dir/Users/holgernavarroherrera/pico/pico-sdk/src/common/pico_sync/mutex.c.obj
 .text.delayed_by_ms
                0x10000ddc       0x44 CMakeFiles/MPU6050.dir/Users/holgernavarroherrera/pico/pico-sdk/src/common/pico_sync/mutex.c.obj
 .text.get_absolute_time
                0x10000e20       0x22 CMakeFiles/MPU6050.dir/Users/holgernavarroherrera/pico/pico-sdk/src/common/pico_sync/mutex.c.obj
 .text.make_timeout_time_ms
                0x10000e42       0x20 CMakeFiles/MPU6050.dir/Users/holgernavarroherrera/pico/pico-sdk/src/common/pico_sync/mutex.c.obj
 .text.mutex_init
                0x10000e62       0x1a CMakeFiles/MPU6050.dir/Users/holgernavarroherrera/pico/pico-sdk/src/common/pico_sync/mutex.c.obj
                0x10000e62                mutex_init
 .text.recursive_mutex_init
                0x10000e7c       0x1e CMakeFiles/MPU6050.dir/Users/holgernavarroherrera/pico/pico-sdk/src/common/pico_sync/mutex.c.obj
                0x10000e7c                recursive_mutex_init
 *fill*         0x10000e9a        0x2 
 .text.critical_section_init_with_lock_num
                0x10000e9c       0x14 CMakeFiles/MPU6050.dir/Users/holgernavarroherrera/pico/pico-sdk/src/common/pico_sync/critical_section.c.obj
                0x10000e9c                critical_section_init_with_lock_num
 .text.critical_section_init
                0x10000eb0       0x14 CMakeFiles/MPU6050.dir/Users/holgernavarroherrera/pico/pico-sdk/src/common/pico_sync/critical_section.c.obj
                0x10000eb0                critical_section_init
 .text.time_reached
                0x10000ec4       0x28 CMakeFiles/MPU6050.dir/Users/holgernavarroherrera/pico/pico-sdk/src/common/pico_time/time.c.obj
 .text.get_entry
                0x10000eec       0x38 CMakeFiles/MPU6050.dir/Users/holgernavarroherrera/pico/pico-sdk/src/common/pico_time/time.c.obj
 .text.timer_pool_entry_comparator
                0x10000f24       0x2e CMakeFiles/MPU6050.dir/Users/holgernavarroherrera/pico/pico-sdk/src/common/pico_time/time.c.obj
                0x10000f24                timer_pool_entry_comparator
 *fill*         0x10000f52        0x2 
 .text.update_us_since_boot
                0x10000f54       0x24 CMakeFiles/MPU6050.dir/Users/holgernavarroherrera/pico/pico-sdk/src/common/pico_time/time.c.obj
 .text.delayed_by_us
                0x10000f78       0x34 CMakeFiles/MPU6050.dir/Users/holgernavarroherrera/pico/pico-sdk/src/common/pico_time/time.c.obj
 .text.ph_get_node
                0x10000fac       0x30 CMakeFiles/MPU6050.dir/Users/holgernavarroherrera/pico/pico-sdk/src/common/pico_time/time.c.obj
 .text.ph_contains_node
                0x10000fdc       0x1e CMakeFiles/MPU6050.dir/Users/holgernavarroherrera/pico/pico-sdk/src/common/pico_time/time.c.obj
 .text.ph_new_node
                0x10000ffa       0x28 CMakeFiles/MPU6050.dir/Users/holgernavarroherrera/pico/pico-sdk/src/common/pico_time/time.c.obj
 *fill*         0x10001022        0x2 
 .text.ph_add_child_node
                0x10001024       0x6c CMakeFiles/MPU6050.dir/Users/holgernavarroherrera/pico/pico-sdk/src/common/pico_time/time.c.obj
 .text.ph_merge_nodes
                0x10001090       0x3e CMakeFiles/MPU6050.dir/Users/holgernavarroherrera/pico/pico-sdk/src/common/pico_time/time.c.obj
 *fill*         0x100010ce        0x2 
 .text.ph_insert_node
                0x100010d0       0x3c CMakeFiles/MPU6050.dir/Users/holgernavarroherrera/pico/pico-sdk/src/common/pico_time/time.c.obj
 .text.ph_free_node
                0x1000110c       0x5c CMakeFiles/MPU6050.dir/Users/holgernavarroherrera/pico/pico-sdk/src/common/pico_time/time.c.obj
 .text.get_entry_id_high
                0x10001168       0x30 CMakeFiles/MPU6050.dir/Users/holgernavarroherrera/pico/pico-sdk/src/common/pico_time/time.c.obj
 .text.alarm_pool_post_alloc_init
                0x10001198       0x40 CMakeFiles/MPU6050.dir/Users/holgernavarroherrera/pico/pico-sdk/src/common/pico_time/time.c.obj
 .text.sleep_until_callback
                0x100011d8       0x30 CMakeFiles/MPU6050.dir/Users/holgernavarroherrera/pico/pico-sdk/src/common/pico_time/time.c.obj
 .text.get_absolute_time
                0x10001208       0x22 CMakeFiles/MPU6050.dir/Users/holgernavarroherrera/pico/pico-sdk/src/common/pico_time/time.c.obj
 .text.make_timeout_time_us
                0x1000122a       0x24 CMakeFiles/MPU6050.dir/Users/holgernavarroherrera/pico/pico-sdk/src/common/pico_time/time.c.obj
 *fill*         0x1000124e        0x2 
 .text.add_alarm_under_lock
                0x10001250       0x94 CMakeFiles/MPU6050.dir/Users/holgernavarroherrera/pico/pico-sdk/src/common/pico_time/time.c.obj
 .text.alarm_pool_alarm_callback
                0x100012e4      0x210 CMakeFiles/MPU6050.dir/Users/holgernavarroherrera/pico/pico-sdk/src/common/pico_time/time.c.obj
 .text.alarm_pool_init_default
                0x100014f4       0x40 CMakeFiles/MPU6050.dir/Users/holgernavarroherrera/pico/pico-sdk/src/common/pico_time/time.c.obj
                0x100014f4                alarm_pool_init_default
 .text.alarm_pool_get_default
                0x10001534       0x2c CMakeFiles/MPU6050.dir/Users/holgernavarroherrera/pico/pico-sdk/src/common/pico_time/time.c.obj
                0x10001534                alarm_pool_get_default
 .text.alarm_pool_add_alarm_at
                0x10001560      0x10e CMakeFiles/MPU6050.dir/Users/holgernavarroherrera/pico/pico-sdk/src/common/pico_time/time.c.obj
                0x10001560                alarm_pool_add_alarm_at
 .text.add_alarm_at
                0x1000166e       0x2e CMakeFiles/MPU6050.dir/Users/holgernavarroherrera/pico/pico-sdk/src/common/pico_time/time.c.obj
 .text.alarm_pool_cancel_alarm
                0x1000169c       0xa8 CMakeFiles/MPU6050.dir/Users/holgernavarroherrera/pico/pico-sdk/src/common/pico_time/time.c.obj
                0x1000169c                alarm_pool_cancel_alarm
 .text.cancel_alarm
                0x10001744       0x10 CMakeFiles/MPU6050.dir/Users/holgernavarroherrera/pico/pico-sdk/src/common/pico_time/time.c.obj
 .text.alarm_pool_core_num
                0x10001754        0x4 CMakeFiles/MPU6050.dir/Users/holgernavarroherrera/pico/pico-sdk/src/common/pico_time/time.c.obj
                0x10001754                alarm_pool_core_num
 .text.sleep_until
                0x10001758       0xb0 CMakeFiles/MPU6050.dir/Users/holgernavarroherrera/pico/pico-sdk/src/common/pico_time/time.c.obj
                0x10001758                sleep_until
 .text.sleep_us
                0x10001808       0x1a CMakeFiles/MPU6050.dir/Users/holgernavarroherrera/pico/pico-sdk/src/common/pico_time/time.c.obj
                0x10001808                sleep_us
 .text.sleep_ms
                0x10001822       0x14 CMakeFiles/MPU6050.dir/Users/holgernavarroherrera/pico/pico-sdk/src/common/pico_time/time.c.obj
                0x10001822                sleep_ms
 *fill*         0x10001836        0x2 
 .text.best_effort_wfe_or_timeout
                0x10001838       0x44 CMakeFiles/MPU6050.dir/Users/holgernavarroherrera/pico/pico-sdk/src/common/pico_time/time.c.obj
                0x10001838                best_effort_wfe_or_timeout
 .text.hardware_alarm_irq_handler
                0x1000187c       0x8c CMakeFiles/MPU6050.dir/Users/holgernavarroherrera/pico/pico-sdk/src/rp2_common/hardware_timer/timer.c.obj
 .text.hardware_alarm_claim
                0x10001908       0x18 CMakeFiles/MPU6050.dir/Users/holgernavarroherrera/pico/pico-sdk/src/rp2_common/hardware_timer/timer.c.obj
                0x10001908                hardware_alarm_claim
 .text.time_us_64
                0x10001920       0x18 CMakeFiles/MPU6050.dir/Users/holgernavarroherrera/pico/pico-sdk/src/rp2_common/hardware_timer/timer.c.obj
                0x10001920                time_us_64
 .text.busy_wait_until
                0x10001938       0x28 CMakeFiles/MPU6050.dir/Users/holgernavarroherrera/pico/pico-sdk/src/rp2_common/hardware_timer/timer.c.obj
                0x10001938                busy_wait_until
 .text.hardware_alarm_set_callback
                0x10001960       0x90 CMakeFiles/MPU6050.dir/Users/holgernavarroherrera/pico/pico-sdk/src/rp2_common/hardware_timer/timer.c.obj
                0x10001960                hardware_alarm_set_callback
 .text.hardware_alarm_set_target
                0x100019f0       0xe8 CMakeFiles/MPU6050.dir/Users/holgernavarroherrera/pico/pico-sdk/src/rp2_common/hardware_timer/timer.c.obj
                0x100019f0                hardware_alarm_set_target
 .text.hardware_alarm_cancel
                0x10001ad8       0x40 CMakeFiles/MPU6050.dir/Users/holgernavarroherrera/pico/pico-sdk/src/rp2_common/hardware_timer/timer.c.obj
                0x10001ad8                hardware_alarm_cancel
 .text.ph_get_node
                0x10001b18       0x30 CMakeFiles/MPU6050.dir/Users/holgernavarroherrera/pico/pico-sdk/src/common/pico_util/pheap.c.obj
 .text.ph_add_child_node
                0x10001b48       0x6c CMakeFiles/MPU6050.dir/Users/holgernavarroherrera/pico/pico-sdk/src/common/pico_util/pheap.c.obj
 .text.ph_merge_nodes
                0x10001bb4       0x3e CMakeFiles/MPU6050.dir/Users/holgernavarroherrera/pico/pico-sdk/src/common/pico_util/pheap.c.obj
 .text.ph_clear
                0x10001bf2       0x34 CMakeFiles/MPU6050.dir/Users/holgernavarroherrera/pico/pico-sdk/src/common/pico_util/pheap.c.obj
                0x10001bf2                ph_clear
 .text.ph_post_alloc_init
                0x10001c26        0xe CMakeFiles/MPU6050.dir/Users/holgernavarroherrera/pico/pico-sdk/src/common/pico_util/pheap.c.obj
                0x10001c26                ph_post_alloc_init
 .text.ph_merge_two_pass
                0x10001c34       0x5c CMakeFiles/MPU6050.dir/Users/holgernavarroherrera/pico/pico-sdk/src/common/pico_util/pheap.c.obj
                0x10001c34                ph_merge_two_pass
 .text.ph_remove_any_head
                0x10001c90       0xc0 CMakeFiles/MPU6050.dir/Users/holgernavarroherrera/pico/pico-sdk/src/common/pico_util/pheap.c.obj
 .text.ph_remove_head
                0x10001d50       0x14 CMakeFiles/MPU6050.dir/Users/holgernavarroherrera/pico/pico-sdk/src/common/pico_util/pheap.c.obj
                0x10001d50                ph_remove_head
 .text.ph_remove_and_free_node
                0x10001d64       0xa0 CMakeFiles/MPU6050.dir/Users/holgernavarroherrera/pico/pico-sdk/src/common/pico_util/pheap.c.obj
                0x10001d64                ph_remove_and_free_node
 .text.clock_configure
                0x10001e04      0x108 CMakeFiles/MPU6050.dir/Users/holgernavarroherrera/pico/pico-sdk/src/rp2_common/hardware_clocks/clocks.c.obj
                0x10001e04                clock_configure
 .text.clocks_init
                0x10001f0c      0x100 CMakeFiles/MPU6050.dir/Users/holgernavarroherrera/pico/pico-sdk/src/rp2_common/hardware_clocks/clocks.c.obj
                0x10001f0c                clocks_init
 .text.clock_get_hz
                0x1000200c        0xc CMakeFiles/MPU6050.dir/Users/holgernavarroherrera/pico/pico-sdk/src/rp2_common/hardware_clocks/clocks.c.obj
                0x1000200c                clock_get_hz
 .text.pll_init
                0x10002018      0x120 CMakeFiles/MPU6050.dir/Users/holgernavarroherrera/pico/pico-sdk/src/rp2_common/hardware_pll/pll.c.obj
                0x10002018                pll_init
 .text.watchdog_start_tick
                0x10002138       0x10 CMakeFiles/MPU6050.dir/Users/holgernavarroherrera/pico/pico-sdk/src/rp2_common/hardware_watchdog/watchdog.c.obj
                0x10002138                watchdog_start_tick
 .text.watchdog_update
                0x10002148       0x14 CMakeFiles/MPU6050.dir/Users/holgernavarroherrera/pico/pico-sdk/src/rp2_common/hardware_watchdog/watchdog.c.obj
                0x10002148                watchdog_update
 .text._watchdog_enable
                0x1000215c       0x78 CMakeFiles/MPU6050.dir/Users/holgernavarroherrera/pico/pico-sdk/src/rp2_common/hardware_watchdog/watchdog.c.obj
                0x1000215c                _watchdog_enable
 .text.watchdog_reboot
                0x100021d4       0x48 CMakeFiles/MPU6050.dir/Users/holgernavarroherrera/pico/pico-sdk/src/rp2_common/hardware_watchdog/watchdog.c.obj
                0x100021d4                watchdog_reboot
 .text.xosc_init
                0x1000221c       0x28 CMakeFiles/MPU6050.dir/Users/holgernavarroherrera/pico/pico-sdk/src/rp2_common/hardware_xosc/xosc.c.obj
                0x1000221c                xosc_init
 .text._exit    0x10002244        0x4 CMakeFiles/MPU6050.dir/Users/holgernavarroherrera/pico/pico-sdk/src/rp2_common/pico_runtime/runtime.c.obj
                0x10002244                _exit
 .text.exit     0x10002248        0x6 CMakeFiles/MPU6050.dir/Users/holgernavarroherrera/pico/pico-sdk/src/rp2_common/pico_runtime/runtime.c.obj
                0x10002248                exit
 *fill*         0x1000224e        0x2 
 .text.__assert_func
                0x10002250       0x38 CMakeFiles/MPU6050.dir/Users/holgernavarroherrera/pico/pico-sdk/src/rp2_common/pico_runtime/runtime.c.obj
                0x10002250                __assert_func
 .text.runtime_init
                0x10002288       0xf8 CMakeFiles/MPU6050.dir/Users/holgernavarroherrera/pico/pico-sdk/src/rp2_common/pico_runtime/runtime.c.obj
                0x10002288                runtime_init
 .text.panic    0x10002380       0x30 CMakeFiles/MPU6050.dir/Users/holgernavarroherrera/pico/pico-sdk/src/rp2_common/pico_runtime/runtime.c.obj
                0x10002380                panic
 .text._out_null
                0x100023b0        0x2 CMakeFiles/MPU6050.dir/Users/holgernavarroherrera/pico/pico-sdk/src/rp2_common/pico_printf/printf.c.obj
 .text._out_fct
                0x100023b2        0xe CMakeFiles/MPU6050.dir/Users/holgernavarroherrera/pico/pico-sdk/src/rp2_common/pico_printf/printf.c.obj
 .text._atoi    0x100023c0       0x24 CMakeFiles/MPU6050.dir/Users/holgernavarroherrera/pico/pico-sdk/src/rp2_common/pico_printf/printf.c.obj
 .text._out_rev
                0x100023e4       0xae CMakeFiles/MPU6050.dir/Users/holgernavarroherrera/pico/pico-sdk/src/rp2_common/pico_printf/printf.c.obj
 .text._ntoa_format
                0x10002492      0x110 CMakeFiles/MPU6050.dir/Users/holgernavarroherrera/pico/pico-sdk/src/rp2_common/pico_printf/printf.c.obj
 .text._ntoa_long
                0x100025a2       0xbc CMakeFiles/MPU6050.dir/Users/holgernavarroherrera/pico/pico-sdk/src/rp2_common/pico_printf/printf.c.obj
 .text._ntoa_long_long
                0x1000265e      0x10e CMakeFiles/MPU6050.dir/Users/holgernavarroherrera/pico/pico-sdk/src/rp2_common/pico_printf/printf.c.obj
 .text._etoa    0x1000276c      0x420 CMakeFiles/MPU6050.dir/Users/holgernavarroherrera/pico/pico-sdk/src/rp2_common/pico_printf/printf.c.obj
 .text._ftoa    0x10002b8c      0x354 CMakeFiles/MPU6050.dir/Users/holgernavarroherrera/pico/pico-sdk/src/rp2_common/pico_printf/printf.c.obj
 .text._vsnprintf
                0x10002ee0      0x668 CMakeFiles/MPU6050.dir/Users/holgernavarroherrera/pico/pico-sdk/src/rp2_common/pico_printf/printf.c.obj
 .text.vfctprintf
                0x10003548       0x20 CMakeFiles/MPU6050.dir/Users/holgernavarroherrera/pico/pico-sdk/src/rp2_common/pico_printf/printf.c.obj
                0x10003548                vfctprintf
 .text          0x10003568       0x10 CMakeFiles/MPU6050.dir/Users/holgernavarroherrera/pico/pico-sdk/src/rp2_common/pico_bit_ops/bit_ops_aeabi.S.obj
 .text.rom_func_lookup
                0x10003578       0x10 CMakeFiles/MPU6050.dir/Users/holgernavarroherrera/pico/pico-sdk/src/rp2_common/pico_bootrom/bootrom.c.obj
                0x10003578                rom_func_lookup
 .text.rom_data_lookup
                0x10003588       0x10 CMakeFiles/MPU6050.dir/Users/holgernavarroherrera/pico/pico-sdk/src/rp2_common/pico_bootrom/bootrom.c.obj
                0x10003588                rom_data_lookup
 .text.rom_funcs_lookup
                0x10003598       0x36 CMakeFiles/MPU6050.dir/Users/holgernavarroherrera/pico/pico-sdk/src/rp2_common/pico_bootrom/bootrom.c.obj
                0x10003598                rom_funcs_lookup
 *fill*         0x100035ce        0x2 
 .text.__wrap___aeabi_idiv
                0x100035d0       0x50 CMakeFiles/MPU6050.dir/Users/holgernavarroherrera/pico/pico-sdk/src/rp2_common/pico_divider/divider.S.obj
                0x100035d0                __wrap___aeabi_idivmod
                0x100035d0                divmod_s32s32
                0x100035d0                div_s32s32
                0x100035d0                __wrap___aeabi_idiv
                0x100035d8                divmod_s32s32_unsafe
                0x10003604                divmod_s32s32_savestate
 .text.__wrap___aeabi_uidiv
                0x10003620       0x4c CMakeFiles/MPU6050.dir/Users/holgernavarroherrera/pico/pico-sdk/src/rp2_common/pico_divider/divider.S.obj
                0x10003620                __wrap___aeabi_uidiv
                0x10003620                __wrap___aeabi_uidivmod
                0x10003620                div_u32u32
                0x10003620                divmod_u32u32
                0x10003628                divmod_u32u32_unsafe
                0x10003650                divmod_u32u32_savestate
 .text.__wrap___aeabi_ldiv
                0x1000366c      0x424 CMakeFiles/MPU6050.dir/Users/holgernavarroherrera/pico/pico-sdk/src/rp2_common/pico_divider/divider.S.obj
                0x1000366c                __wrap___aeabi_ldivmod
                0x1000366c                div_s64s64
                0x1000366c                divmod_s64s64
                0x1000369c                divmod_u64u64
                0x1000369c                div_u64u64
                0x1000369c                __wrap___aeabi_uldivmod
                0x100036ac                divmod_u64u64_savestate
                0x100036cc                divmod_s64s64_unsafe
                0x10003754                divmod_u64u64_unsafe
 .text.__wrap___aeabi_darithmetic
                0x10003a90       0x80 CMakeFiles/MPU6050.dir/Users/holgernavarroherrera/pico/pico-sdk/src/rp2_common/pico_double/double_aeabi.S.obj
                0x10003a90                __wrap___aeabi_drsub
                0x10003a96                __wrap___aeabi_dsub
                0x10003aa8                __wrap___aeabi_dadd
                0x10003aba                __wrap___aeabi_ddiv
                0x10003af6                __wrap___aeabi_dmul
 .text.__wrap___aeabi_cdcmple
                0x10003b10       0x6c CMakeFiles/MPU6050.dir/Users/holgernavarroherrera/pico/pico-sdk/src/rp2_common/pico_double/double_aeabi.S.obj
                0x10003b10                __wrap___aeabi_cdrcmple
                0x10003b20                __wrap___aeabi_cdcmple
                0x10003b20                __wrap___aeabi_cdcmpeq
 .text.__wrap___aeabi_dcmplt
                0x10003b7c        0xc CMakeFiles/MPU6050.dir/Users/holgernavarroherrera/pico/pico-sdk/src/rp2_common/pico_double/double_aeabi.S.obj
                0x10003b7c                __wrap___aeabi_dcmplt
 .text.__wrap___aeabi_dcmple
                0x10003b88       0x10 CMakeFiles/MPU6050.dir/Users/holgernavarroherrera/pico/pico-sdk/src/rp2_common/pico_double/double_aeabi.S.obj
                0x10003b88                __wrap___aeabi_dcmple
 .text.__wrap___aeabi_dcmpge
                0x10003b98       0x10 CMakeFiles/MPU6050.dir/Users/holgernavarroherrera/pico/pico-sdk/src/rp2_common/pico_double/double_aeabi.S.obj
                0x10003b98                __wrap___aeabi_dcmpge
 .text.__wrap___aeabi_dcmpgt
                0x10003ba8        0xa CMakeFiles/MPU6050.dir/Users/holgernavarroherrera/pico/pico-sdk/src/rp2_common/pico_double/double_aeabi.S.obj
                0x10003ba8                __wrap___aeabi_dcmpgt
 .text.__wrap___aeabi_dcmpun
                0x10003bb2       0x1c CMakeFiles/MPU6050.dir/Users/holgernavarroherrera/pico/pico-sdk/src/rp2_common/pico_double/double_aeabi.S.obj
                0x10003bb2                __wrap___aeabi_dcmpun
 *fill*         0x10003bce        0x2 
 .text.__wrap___aeabi_i2d
                0x10003bd0       0x38 CMakeFiles/MPU6050.dir/Users/holgernavarroherrera/pico/pico-sdk/src/rp2_common/pico_double/double_aeabi.S.obj
                0x10003bd0                __wrap___aeabi_ui2d
                0x10003bd8                __wrap___aeabi_i2d
 .text.__wrap___aeabi_d2iz
                0x10003c08       0x48 CMakeFiles/MPU6050.dir/Users/holgernavarroherrera/pico/pico-sdk/src/rp2_common/pico_double/double_aeabi.S.obj
                0x10003c08                __wrap___aeabi_d2iz
                0x10003c08                double2int_z
 .text.__wrap___aeabi_d2uiz
                0x10003c50       0x18 CMakeFiles/MPU6050.dir/Users/holgernavarroherrera/pico/pico-sdk/src/rp2_common/pico_double/double_aeabi.S.obj
                0x10003c50                double2uint
                0x10003c50                __wrap___aeabi_d2uiz
 .text.__aeabi_double_init
                0x10003c68       0xcc CMakeFiles/MPU6050.dir/Users/holgernavarroherrera/pico/pico-sdk/src/rp2_common/pico_double/double_init_rom.c.obj
                0x10003c68                __aeabi_double_init
 .text.double_table_shim_on_use_helper
                0x10003d34       0x34 CMakeFiles/MPU6050.dir/Users/holgernavarroherrera/pico/pico-sdk/src/rp2_common/pico_double/double_v1_rom_shim.S.obj
                0x10003d34                double_table_shim_on_use_helper
 .text.__wrap___aeabi_dsub
                0x10003d68       0x10 CMakeFiles/MPU6050.dir/Users/holgernavarroherrera/pico/pico-sdk/src/rp2_common/pico_double/double_v1_rom_shim.S.obj
                0x10003d68                drsub_shim
                0x10003d6e                dsub_shim
 .text.dadd_shim
                0x10003d78      0x15c CMakeFiles/MPU6050.dir/Users/holgernavarroherrera/pico/pico-sdk/src/rp2_common/pico_double/double_v1_rom_shim.S.obj
                0x10003d78                dadd_shim
 .text.dmul_shim
                0x10003ed4      0x15c CMakeFiles/MPU6050.dir/Users/holgernavarroherrera/pico/pico-sdk/src/rp2_common/pico_double/double_v1_rom_shim.S.obj
                0x10003ed4                dmul_shim
 .text.ddiv_shim
                0x10004030      0x1b0 CMakeFiles/MPU6050.dir/Users/holgernavarroherrera/pico/pico-sdk/src/rp2_common/pico_double/double_v1_rom_shim.S.obj
                0x10004030                ddiv_shim
 .text.double2uint_shim
                0x100041e0        0xe CMakeFiles/MPU6050.dir/Users/holgernavarroherrera/pico/pico-sdk/src/rp2_common/pico_double/double_v1_rom_shim.S.obj
                0x100041e0                double2uint_shim
                0x100041e2                double2ufix_shim
 *fill*         0x100041ee        0x2 
 .text.double2uint64_shim
                0x100041f0       0x70 CMakeFiles/MPU6050.dir/Users/holgernavarroherrera/pico/pico-sdk/src/rp2_common/pico_double/double_v1_rom_shim.S.obj
                0x100041f0                double2uint64_shim
                0x100041f2                double2ufix64_shim
                0x10004212                d2fix_a
 .text.dunpacks
                0x10004260       0x3c CMakeFiles/MPU6050.dir/Users/holgernavarroherrera/pico/pico-sdk/src/rp2_common/pico_double/double_v1_rom_shim.S.obj
                0x10004260                dunpacks
 .text.__aeabi_lmul
                0x1000429c       0x32 CMakeFiles/MPU6050.dir/Users/holgernavarroherrera/pico/pico-sdk/src/rp2_common/pico_int64_ops/pico_int64_ops_aeabi.S.obj
                0x1000429c                __wrap___aeabi_lmul
 *fill*         0x100042ce        0x2 
 .text.__wrap___aeabi_farithmetic
                0x100042d0       0x58 CMakeFiles/MPU6050.dir/Users/holgernavarroherrera/pico/pico-sdk/src/rp2_common/pico_float/float_aeabi.S.obj
                0x100042d0                __wrap___aeabi_frsub
                0x100042d6                __wrap___aeabi_fsub
                0x100042e0                __wrap___aeabi_fadd
                0x100042ea                __wrap___aeabi_fdiv
                0x10004316                __wrap___aeabi_fmul
 .text.__wrap___aeabi_i2f
                0x10004328       0x44 CMakeFiles/MPU6050.dir/Users/holgernavarroherrera/pico/pico-sdk/src/rp2_common/pico_float/float_aeabi.S.obj
                0x10004328                __wrap___aeabi_i2f
 .text.__wrap___aeabi_f2d
                0x1000436c       0x14 CMakeFiles/MPU6050.dir/Users/holgernavarroherrera/pico/pico-sdk/src/rp2_common/pico_float/float_aeabi.S.obj
                0x1000436c                __wrap___aeabi_f2d
 .text.__aeabi_float_init
                0x10004380       0xfc CMakeFiles/MPU6050.dir/Users/holgernavarroherrera/pico/pico-sdk/src/rp2_common/pico_float/float_init_rom.c.obj
                0x10004380                __aeabi_float_init
 .text.float_table_shim_on_use_helper
                0x1000447c       0x34 CMakeFiles/MPU6050.dir/Users/holgernavarroherrera/pico/pico-sdk/src/rp2_common/pico_float/float_v1_rom_shim.S.obj
                0x1000447c                float_table_shim_on_use_helper
 .text.float2double_shim
                0x100044b0       0x30 CMakeFiles/MPU6050.dir/Users/holgernavarroherrera/pico/pico-sdk/src/rp2_common/pico_float/float_v1_rom_shim.S.obj
                0x100044b0                float2double_shim
 .text          0x100044e0       0x10 CMakeFiles/MPU6050.dir/Users/holgernavarroherrera/pico/pico-sdk/src/rp2_common/pico_mem_ops/mem_ops_aeabi.S.obj
                0x100044e0                __aeabi_mem_init
 .text.memset   0x100044f0        0xc CMakeFiles/MPU6050.dir/Users/holgernavarroherrera/pico/pico-sdk/src/rp2_common/pico_mem_ops/mem_ops_aeabi.S.obj
                0x100044f0                __wrap_memset
 .text.memcpy   0x100044fc        0xc CMakeFiles/MPU6050.dir/Users/holgernavarroherrera/pico/pico-sdk/src/rp2_common/pico_mem_ops/mem_ops_aeabi.S.obj
                0x100044fc                __wrap___aeabi_memcpy
                0x100044fc                __wrap_memcpy
 .text.stdio_out_chars_no_crlf
                0x10004508        0xe CMakeFiles/MPU6050.dir/Users/holgernavarroherrera/pico/pico-sdk/src/rp2_common/pico_stdio/stdio.c.obj
 *fill*         0x10004516        0x2 
 .text.stdio_out_chars_crlf
                0x10004518       0x80 CMakeFiles/MPU6050.dir/Users/holgernavarroherrera/pico/pico-sdk/src/rp2_common/pico_stdio/stdio.c.obj
 .text.stdio_stack_buffer_flush
                0x10004598       0x44 CMakeFiles/MPU6050.dir/Users/holgernavarroherrera/pico/pico-sdk/src/rp2_common/pico_stdio/stdio.c.obj
 .text.stdio_buffered_printer
                0x100045dc       0x20 CMakeFiles/MPU6050.dir/Users/holgernavarroherrera/pico/pico-sdk/src/rp2_common/pico_stdio/stdio.c.obj
 .text.update_us_since_boot
                0x100045fc       0x24 CMakeFiles/MPU6050.dir/Users/holgernavarroherrera/pico/pico-sdk/src/rp2_common/pico_stdio/stdio.c.obj
 .text.get_absolute_time
                0x10004620       0x22 CMakeFiles/MPU6050.dir/Users/holgernavarroherrera/pico/pico-sdk/src/rp2_common/pico_stdio/stdio.c.obj
 *fill*         0x10004642        0x2 
 .text.delayed_by_ms
                0x10004644       0x44 CMakeFiles/MPU6050.dir/Users/holgernavarroherrera/pico/pico-sdk/src/rp2_common/pico_stdio/stdio.c.obj
 .text.make_timeout_time_ms
                0x10004688       0x20 CMakeFiles/MPU6050.dir/Users/holgernavarroherrera/pico/pico-sdk/src/rp2_common/pico_stdio/stdio.c.obj
 .text.stdout_serialize_begin
                0x100046a8       0x20 CMakeFiles/MPU6050.dir/Users/holgernavarroherrera/pico/pico-sdk/src/rp2_common/pico_stdio/stdio.c.obj
                0x100046a8                stdout_serialize_begin
 .text.stdout_serialize_end
                0x100046c8       0x10 CMakeFiles/MPU6050.dir/Users/holgernavarroherrera/pico/pico-sdk/src/rp2_common/pico_stdio/stdio.c.obj
                0x100046c8                stdout_serialize_end
 .text.stdio_put_string
                0x100046d8       0x98 CMakeFiles/MPU6050.dir/Users/holgernavarroherrera/pico/pico-sdk/src/rp2_common/pico_stdio/stdio.c.obj
 .text.stdio_set_driver_enabled
                0x10004770       0x2c CMakeFiles/MPU6050.dir/Users/holgernavarroherrera/pico/pico-sdk/src/rp2_common/pico_stdio/stdio.c.obj
                0x10004770                stdio_set_driver_enabled
 .text.stdio_flush
                0x1000479c       0x20 CMakeFiles/MPU6050.dir/Users/holgernavarroherrera/pico/pico-sdk/src/rp2_common/pico_stdio/stdio.c.obj
                0x1000479c                stdio_flush
 .text.__wrap_puts
                0x100047bc       0x1e CMakeFiles/MPU6050.dir/Users/holgernavarroherrera/pico/pico-sdk/src/rp2_common/pico_stdio/stdio.c.obj
                0x100047bc                __wrap_puts
 *fill*         0x100047da        0x2 
 .text.__wrap_vprintf
                0x100047dc       0x40 CMakeFiles/MPU6050.dir/Users/holgernavarroherrera/pico/pico-sdk/src/rp2_common/pico_stdio/stdio.c.obj
                0x100047dc                __wrap_vprintf
 .text.__wrap_printf
                0x1000481c       0x18 CMakeFiles/MPU6050.dir/Users/holgernavarroherrera/pico/pico-sdk/src/rp2_common/pico_stdio/stdio.c.obj
                0x1000481c                __wrap_printf
 .text.stdio_init_all
                0x10004834        0x8 CMakeFiles/MPU6050.dir/Users/holgernavarroherrera/pico/pico-sdk/src/rp2_common/pico_stdio/stdio.c.obj
                0x10004834                stdio_init_all
 .text.resetd_init
                0x1000483c        0x2 CMakeFiles/MPU6050.dir/Users/holgernavarroherrera/pico/pico-sdk/src/rp2_common/pico_stdio_usb/reset_interface.c.obj
 *fill*         0x1000483e        0x2 
 .text.resetd_reset
                0x10004840        0xc CMakeFiles/MPU6050.dir/Users/holgernavarroherrera/pico/pico-sdk/src/rp2_common/pico_stdio_usb/reset_interface.c.obj
 .text.resetd_open
                0x1000484c       0x34 CMakeFiles/MPU6050.dir/Users/holgernavarroherrera/pico/pico-sdk/src/rp2_common/pico_stdio_usb/reset_interface.c.obj
 .text.resetd_xfer_cb
                0x10004880        0x4 CMakeFiles/MPU6050.dir/Users/holgernavarroherrera/pico/pico-sdk/src/rp2_common/pico_stdio_usb/reset_interface.c.obj
 .text.reset_usb_boot
                0x10004884       0x18 CMakeFiles/MPU6050.dir/Users/holgernavarroherrera/pico/pico-sdk/src/rp2_common/pico_stdio_usb/reset_interface.c.obj
 .text.resetd_control_xfer_cb
                0x1000489c       0x5c CMakeFiles/MPU6050.dir/Users/holgernavarroherrera/pico/pico-sdk/src/rp2_common/pico_stdio_usb/reset_interface.c.obj
 .text.usbd_app_driver_get_cb
                0x100048f8        0xc CMakeFiles/MPU6050.dir/Users/holgernavarroherrera/pico/pico-sdk/src/rp2_common/pico_stdio_usb/reset_interface.c.obj
                0x100048f8                usbd_app_driver_get_cb
 .text.tud_cdc_line_coding_cb
                0x10004904       0x28 CMakeFiles/MPU6050.dir/Users/holgernavarroherrera/pico/pico-sdk/src/rp2_common/pico_stdio_usb/reset_interface.c.obj
                0x10004904                tud_cdc_line_coding_cb
 .text.stdio_usb_set_chars_available_callback
                0x1000492c       0x14 CMakeFiles/MPU6050.dir/Users/holgernavarroherrera/pico/pico-sdk/src/rp2_common/pico_stdio_usb/stdio_usb.c.obj
                0x1000492c                stdio_usb_set_chars_available_callback
 .text.update_us_since_boot
                0x10004940       0x24 CMakeFiles/MPU6050.dir/Users/holgernavarroherrera/pico/pico-sdk/src/rp2_common/pico_stdio_usb/stdio_usb.c.obj
 .text.get_absolute_time
                0x10004964       0x22 CMakeFiles/MPU6050.dir/Users/holgernavarroherrera/pico/pico-sdk/src/rp2_common/pico_stdio_usb/stdio_usb.c.obj
 *fill*         0x10004986        0x2 
 .text.delayed_by_ms
                0x10004988       0x44 CMakeFiles/MPU6050.dir/Users/holgernavarroherrera/pico/pico-sdk/src/rp2_common/pico_stdio_usb/stdio_usb.c.obj
 .text.make_timeout_time_ms
                0x100049cc       0x20 CMakeFiles/MPU6050.dir/Users/holgernavarroherrera/pico/pico-sdk/src/rp2_common/pico_stdio_usb/stdio_usb.c.obj
 .text.delayed_by_us
                0x100049ec       0x34 CMakeFiles/MPU6050.dir/Users/holgernavarroherrera/pico/pico-sdk/src/rp2_common/pico_stdio_usb/stdio_usb.c.obj
 .text.usb_irq  0x10004a20       0x10 CMakeFiles/MPU6050.dir/Users/holgernavarroherrera/pico/pico-sdk/src/rp2_common/pico_stdio_usb/stdio_usb.c.obj
 .text.critical_section_enter_blocking
                0x10004a30       0x16 CMakeFiles/MPU6050.dir/Users/holgernavarroherrera/pico/pico-sdk/src/rp2_common/pico_stdio_usb/stdio_usb.c.obj
 *fill*         0x10004a46        0x2 
 .text.timer_task
                0x10004a48       0x4c CMakeFiles/MPU6050.dir/Users/holgernavarroherrera/pico/pico-sdk/src/rp2_common/pico_stdio_usb/stdio_usb.c.obj
 .text.alarm_pool_add_alarm_in_us
                0x10004a94       0x3a CMakeFiles/MPU6050.dir/Users/holgernavarroherrera/pico/pico-sdk/src/rp2_common/pico_stdio_usb/stdio_usb.c.obj
 .text.add_alarm_in_us
                0x10004ace       0x2e CMakeFiles/MPU6050.dir/Users/holgernavarroherrera/pico/pico-sdk/src/rp2_common/pico_stdio_usb/stdio_usb.c.obj
 .text.low_priority_worker_irq
                0x10004afc       0x7c CMakeFiles/MPU6050.dir/Users/holgernavarroherrera/pico/pico-sdk/src/rp2_common/pico_stdio_usb/stdio_usb.c.obj
 .text.tud_cdc_rx_cb
                0x10004b78       0x20 CMakeFiles/MPU6050.dir/Users/holgernavarroherrera/pico/pico-sdk/src/rp2_common/pico_stdio_usb/stdio_usb.c.obj
                0x10004b78                tud_cdc_rx_cb
 .text.stdio_usb_init
                0x10004b98       0xd0 CMakeFiles/MPU6050.dir/Users/holgernavarroherrera/pico/pico-sdk/src/rp2_common/pico_stdio_usb/stdio_usb.c.obj
                0x10004b98                stdio_usb_init
 .text.stdio_usb_connected
                0x10004c68        0xa CMakeFiles/MPU6050.dir/Users/holgernavarroherrera/pico/pico-sdk/src/rp2_common/pico_stdio_usb/stdio_usb.c.obj
                0x10004c68                stdio_usb_connected
 *fill*         0x10004c72        0x2 
 .text.stdio_usb_in_chars
                0x10004c74       0x88 CMakeFiles/MPU6050.dir/Users/holgernavarroherrera/pico/pico-sdk/src/rp2_common/pico_stdio_usb/stdio_usb.c.obj
                0x10004c74                stdio_usb_in_chars
 .text.stdio_usb_out_chars
                0x10004cfc       0xd8 CMakeFiles/MPU6050.dir/Users/holgernavarroherrera/pico/pico-sdk/src/rp2_common/pico_stdio_usb/stdio_usb.c.obj
 .text.tud_descriptor_device_cb
                0x10004dd4        0x8 CMakeFiles/MPU6050.dir/Users/holgernavarroherrera/pico/pico-sdk/src/rp2_common/pico_stdio_usb/stdio_usb_descriptors.c.obj
                0x10004dd4                tud_descriptor_device_cb
 .text.tud_descriptor_configuration_cb
                0x10004ddc        0x8 CMakeFiles/MPU6050.dir/Users/holgernavarroherrera/pico/pico-sdk/src/rp2_common/pico_stdio_usb/stdio_usb_descriptors.c.obj
                0x10004ddc                tud_descriptor_configuration_cb
 .text.tud_descriptor_string_cb
                0x10004de4       0x6c CMakeFiles/MPU6050.dir/Users/holgernavarroherrera/pico/pico-sdk/src/rp2_common/pico_stdio_usb/stdio_usb_descriptors.c.obj
                0x10004de4                tud_descriptor_string_cb
 .text._retrieve_unique_id_on_boot
                0x10004e50       0x10 CMakeFiles/MPU6050.dir/Users/holgernavarroherrera/pico/pico-sdk/src/rp2_common/pico_unique_id/unique_id.c.obj
 .text.pico_get_unique_board_id_string
                0x10004e60       0x5c CMakeFiles/MPU6050.dir/Users/holgernavarroherrera/pico/pico-sdk/src/rp2_common/pico_unique_id/unique_id.c.obj
                0x10004e60                pico_get_unique_board_id_string
 .text.flash_get_unique_id
                0x10004ebc       0x40 CMakeFiles/MPU6050.dir/Users/holgernavarroherrera/pico/pico-sdk/src/rp2_common/hardware_flash/flash.c.obj
                0x10004ebc                flash_get_unique_id
 .text.hw_endpoint_get_by_addr
                0x10004efc       0x18 CMakeFiles/MPU6050.dir/Users/holgernavarroherrera/pico/pico-sdk/lib/tinyusb/src/portable/raspberrypi/rp2040/dcd_rp2040.c.obj
 .text._hw_endpoint_alloc
                0x10004f14       0x70 CMakeFiles/MPU6050.dir/Users/holgernavarroherrera/pico/pico-sdk/lib/tinyusb/src/portable/raspberrypi/rp2040/dcd_rp2040.c.obj
 .text.hw_endpoint_init
                0x10004f84       0x88 CMakeFiles/MPU6050.dir/Users/holgernavarroherrera/pico/pico-sdk/lib/tinyusb/src/portable/raspberrypi/rp2040/dcd_rp2040.c.obj
 .text.dcd_event_sof
                0x1000500c       0x2c CMakeFiles/MPU6050.dir/Users/holgernavarroherrera/pico/pico-sdk/lib/tinyusb/src/portable/raspberrypi/rp2040/dcd_rp2040.c.obj
 .text.hw_endpoint_xfer
                0x10005038       0x14 CMakeFiles/MPU6050.dir/Users/holgernavarroherrera/pico/pico-sdk/lib/tinyusb/src/portable/raspberrypi/rp2040/dcd_rp2040.c.obj
 .text.dcd_int_enable
                0x1000504c       0x2c CMakeFiles/MPU6050.dir/Users/holgernavarroherrera/pico/pico-sdk/lib/tinyusb/src/portable/raspberrypi/rp2040/dcd_rp2040.c.obj
                0x1000504c                dcd_int_enable
 .text.dcd_set_address
                0x10005078       0x2c CMakeFiles/MPU6050.dir/Users/holgernavarroherrera/pico/pico-sdk/lib/tinyusb/src/portable/raspberrypi/rp2040/dcd_rp2040.c.obj
                0x10005078                dcd_set_address
 .text.dcd_connect
                0x100050a4       0x10 CMakeFiles/MPU6050.dir/Users/holgernavarroherrera/pico/pico-sdk/lib/tinyusb/src/portable/raspberrypi/rp2040/dcd_rp2040.c.obj
                0x100050a4                dcd_connect
 .text.dcd_init
                0x100050b4       0x80 CMakeFiles/MPU6050.dir/Users/holgernavarroherrera/pico/pico-sdk/lib/tinyusb/src/portable/raspberrypi/rp2040/dcd_rp2040.c.obj
                0x100050b4                dcd_init
 .text.dcd_edpt0_status_complete
                0x10005134       0x1c CMakeFiles/MPU6050.dir/Users/holgernavarroherrera/pico/pico-sdk/lib/tinyusb/src/portable/raspberrypi/rp2040/dcd_rp2040.c.obj
                0x10005134                dcd_edpt0_status_complete
 .text.dcd_edpt_open
                0x10005150       0x40 CMakeFiles/MPU6050.dir/Users/holgernavarroherrera/pico/pico-sdk/lib/tinyusb/src/portable/raspberrypi/rp2040/dcd_rp2040.c.obj
                0x10005150                dcd_edpt_open
 .text.dcd_edpt_close_all
                0x10005190        0x8 CMakeFiles/MPU6050.dir/Users/holgernavarroherrera/pico/pico-sdk/lib/tinyusb/src/portable/raspberrypi/rp2040/dcd_rp2040.c.obj
                0x10005190                dcd_edpt_close_all
 .text.dcd_edpt_xfer
                0x10005198       0x34 CMakeFiles/MPU6050.dir/Users/holgernavarroherrera/pico/pico-sdk/lib/tinyusb/src/portable/raspberrypi/rp2040/dcd_rp2040.c.obj
                0x10005198                dcd_edpt_xfer
 .text.dcd_edpt_stall
                0x100051cc       0x2c CMakeFiles/MPU6050.dir/Users/holgernavarroherrera/pico/pico-sdk/lib/tinyusb/src/portable/raspberrypi/rp2040/dcd_rp2040.c.obj
                0x100051cc                dcd_edpt_stall
 .text.dcd_edpt_clear_stall
                0x100051f8       0x20 CMakeFiles/MPU6050.dir/Users/holgernavarroherrera/pico/pico-sdk/lib/tinyusb/src/portable/raspberrypi/rp2040/dcd_rp2040.c.obj
                0x100051f8                dcd_edpt_clear_stall
 .text.rp2040_usb_init
                0x10005218       0x4c CMakeFiles/MPU6050.dir/Users/holgernavarroherrera/pico/pico-sdk/lib/tinyusb/src/portable/raspberrypi/rp2040/rp2040_usb.c.obj
                0x10005218                rp2040_usb_init
 .text.hw_endpoint_xfer_start
                0x10005264       0x50 CMakeFiles/MPU6050.dir/Users/holgernavarroherrera/pico/pico-sdk/lib/tinyusb/src/portable/raspberrypi/rp2040/rp2040_usb.c.obj
                0x10005264                hw_endpoint_xfer_start
 .text.configuration_reset
                0x100052b4       0x84 CMakeFiles/MPU6050.dir/Users/holgernavarroherrera/pico/pico-sdk/lib/tinyusb/src/device/usbd.c.obj
 .text.critical_section_enter_blocking
                0x10005338       0x16 CMakeFiles/MPU6050.dir/Users/holgernavarroherrera/pico/pico-sdk/lib/tinyusb/src/device/usbd.c.obj
 .text.usbd_reset
                0x1000534e        0xc CMakeFiles/MPU6050.dir/Users/holgernavarroherrera/pico/pico-sdk/lib/tinyusb/src/device/usbd.c.obj
 .text.invoke_class_control
                0x1000535a       0x1a CMakeFiles/MPU6050.dir/Users/holgernavarroherrera/pico/pico-sdk/lib/tinyusb/src/device/usbd.c.obj
 .text.process_set_config
                0x10005374      0x178 CMakeFiles/MPU6050.dir/Users/holgernavarroherrera/pico/pico-sdk/lib/tinyusb/src/device/usbd.c.obj
 .text.process_get_descriptor
                0x100054ec       0xdc CMakeFiles/MPU6050.dir/Users/holgernavarroherrera/pico/pico-sdk/lib/tinyusb/src/device/usbd.c.obj
 .text.tud_mounted
                0x100055c8       0x10 CMakeFiles/MPU6050.dir/Users/holgernavarroherrera/pico/pico-sdk/lib/tinyusb/src/device/usbd.c.obj
                0x100055c8                tud_mounted
 .text.tud_suspended
                0x100055d8       0x10 CMakeFiles/MPU6050.dir/Users/holgernavarroherrera/pico/pico-sdk/lib/tinyusb/src/device/usbd.c.obj
                0x100055d8                tud_suspended
 .text.tud_inited
                0x100055e8       0x14 CMakeFiles/MPU6050.dir/Users/holgernavarroherrera/pico/pico-sdk/lib/tinyusb/src/device/usbd.c.obj
                0x100055e8                tud_inited
 .text.tud_init
                0x100055fc       0xcc CMakeFiles/MPU6050.dir/Users/holgernavarroherrera/pico/pico-sdk/lib/tinyusb/src/device/usbd.c.obj
                0x100055fc                tud_init
 .text.usbd_defer_func
                0x100056c8       0x2a CMakeFiles/MPU6050.dir/Users/holgernavarroherrera/pico/pico-sdk/lib/tinyusb/src/device/usbd.c.obj
                0x100056c8                usbd_defer_func
 *fill*         0x100056f2        0x2 
 .text.usbd_edpt_open
                0x100056f4       0x34 CMakeFiles/MPU6050.dir/Users/holgernavarroherrera/pico/pico-sdk/lib/tinyusb/src/device/usbd.c.obj
                0x100056f4                usbd_edpt_open
 .text.usbd_open_edpt_pair
                0x10005728       0x62 CMakeFiles/MPU6050.dir/Users/holgernavarroherrera/pico/pico-sdk/lib/tinyusb/src/device/usbd.c.obj
                0x10005728                usbd_open_edpt_pair
 *fill*         0x1000578a        0x2 
 .text.usbd_edpt_claim
                0x1000578c       0x28 CMakeFiles/MPU6050.dir/Users/holgernavarroherrera/pico/pico-sdk/lib/tinyusb/src/device/usbd.c.obj
                0x1000578c                usbd_edpt_claim
 .text.usbd_edpt_release
                0x100057b4       0x28 CMakeFiles/MPU6050.dir/Users/holgernavarroherrera/pico/pico-sdk/lib/tinyusb/src/device/usbd.c.obj
                0x100057b4                usbd_edpt_release
 .text.usbd_edpt_xfer
                0x100057dc       0x78 CMakeFiles/MPU6050.dir/Users/holgernavarroherrera/pico/pico-sdk/lib/tinyusb/src/device/usbd.c.obj
                0x100057dc                usbd_edpt_xfer
 .text.usbd_edpt_stall
                0x10005854       0x48 CMakeFiles/MPU6050.dir/Users/holgernavarroherrera/pico/pico-sdk/lib/tinyusb/src/device/usbd.c.obj
                0x10005854                usbd_edpt_stall
 .text.usbd_edpt_clear_stall
                0x1000589c       0x48 CMakeFiles/MPU6050.dir/Users/holgernavarroherrera/pico/pico-sdk/lib/tinyusb/src/device/usbd.c.obj
                0x1000589c                usbd_edpt_clear_stall
 .text.usbd_edpt_stalled
                0x100058e4       0x1c CMakeFiles/MPU6050.dir/Users/holgernavarroherrera/pico/pico-sdk/lib/tinyusb/src/device/usbd.c.obj
                0x100058e4                usbd_edpt_stalled
 .text.process_control_request
                0x10005900      0x374 CMakeFiles/MPU6050.dir/Users/holgernavarroherrera/pico/pico-sdk/lib/tinyusb/src/device/usbd.c.obj
 .text.tud_task_ext
                0x10005c74      0x1a8 CMakeFiles/MPU6050.dir/Users/holgernavarroherrera/pico/pico-sdk/lib/tinyusb/src/device/usbd.c.obj
                0x10005c74                tud_task_ext
 .text._status_stage_xact
                0x10005e1c       0x1a CMakeFiles/MPU6050.dir/Users/holgernavarroherrera/pico/pico-sdk/lib/tinyusb/src/device/usbd_control.c.obj
 *fill*         0x10005e36        0x2 
 .text._data_stage_xact
                0x10005e38       0x58 CMakeFiles/MPU6050.dir/Users/holgernavarroherrera/pico/pico-sdk/lib/tinyusb/src/device/usbd_control.c.obj
 .text.tud_control_status
                0x10005e90       0x28 CMakeFiles/MPU6050.dir/Users/holgernavarroherrera/pico/pico-sdk/lib/tinyusb/src/device/usbd_control.c.obj
                0x10005e90                tud_control_status
 .text.tud_control_xfer
                0x10005eb8       0x68 CMakeFiles/MPU6050.dir/Users/holgernavarroherrera/pico/pico-sdk/lib/tinyusb/src/device/usbd_control.c.obj
                0x10005eb8                tud_control_xfer
 .text.usbd_control_reset
                0x10005f20       0x14 CMakeFiles/MPU6050.dir/Users/holgernavarroherrera/pico/pico-sdk/lib/tinyusb/src/device/usbd_control.c.obj
                0x10005f20                usbd_control_reset
 .text.usbd_control_set_complete_callback
                0x10005f34        0xc CMakeFiles/MPU6050.dir/Users/holgernavarroherrera/pico/pico-sdk/lib/tinyusb/src/device/usbd_control.c.obj
                0x10005f34                usbd_control_set_complete_callback
 .text.usbd_control_set_request
                0x10005f40       0x1c CMakeFiles/MPU6050.dir/Users/holgernavarroherrera/pico/pico-sdk/lib/tinyusb/src/device/usbd_control.c.obj
                0x10005f40                usbd_control_set_request
 .text.usbd_control_xfer_cb
                0x10005f5c       0xbc CMakeFiles/MPU6050.dir/Users/holgernavarroherrera/pico/pico-sdk/lib/tinyusb/src/device/usbd_control.c.obj
                0x10005f5c                usbd_control_xfer_cb
 .text._prep_out_transaction
                0x10006018       0x4a CMakeFiles/MPU6050.dir/Users/holgernavarroherrera/pico/pico-sdk/lib/tinyusb/src/class/cdc/cdc_device.c.obj
 *fill*         0x10006062        0x2 
 .text.tud_cdc_n_connected
                0x10006064       0x38 CMakeFiles/MPU6050.dir/Users/holgernavarroherrera/pico/pico-sdk/lib/tinyusb/src/class/cdc/cdc_device.c.obj
                0x10006064                tud_cdc_n_connected
 .text.tud_cdc_n_available
                0x1000609c       0x18 CMakeFiles/MPU6050.dir/Users/holgernavarroherrera/pico/pico-sdk/lib/tinyusb/src/class/cdc/cdc_device.c.obj
                0x1000609c                tud_cdc_n_available
 .text.tud_cdc_n_read
                0x100060b4       0x28 CMakeFiles/MPU6050.dir/Users/holgernavarroherrera/pico/pico-sdk/lib/tinyusb/src/class/cdc/cdc_device.c.obj
                0x100060b4                tud_cdc_n_read
 .text.tud_cdc_n_write_flush
                0x100060dc       0xb8 CMakeFiles/MPU6050.dir/Users/holgernavarroherrera/pico/pico-sdk/lib/tinyusb/src/class/cdc/cdc_device.c.obj
                0x100060dc                tud_cdc_n_write_flush
 .text.tud_cdc_n_write
                0x10006194       0x38 CMakeFiles/MPU6050.dir/Users/holgernavarroherrera/pico/pico-sdk/lib/tinyusb/src/class/cdc/cdc_device.c.obj
                0x10006194                tud_cdc_n_write
 .text.tud_cdc_n_write_available
                0x100061cc       0x1c CMakeFiles/MPU6050.dir/Users/holgernavarroherrera/pico/pico-sdk/lib/tinyusb/src/class/cdc/cdc_device.c.obj
                0x100061cc                tud_cdc_n_write_available
 .text.cdcd_init
                0x100061e8       0xbc CMakeFiles/MPU6050.dir/Users/holgernavarroherrera/pico/pico-sdk/lib/tinyusb/src/class/cdc/cdc_device.c.obj
                0x100061e8                cdcd_init
 .text.cdcd_reset
                0x100062a4       0x44 CMakeFiles/MPU6050.dir/Users/holgernavarroherrera/pico/pico-sdk/lib/tinyusb/src/class/cdc/cdc_device.c.obj
                0x100062a4                cdcd_reset
 .text.cdcd_open
                0x100062e8       0xc4 CMakeFiles/MPU6050.dir/Users/holgernavarroherrera/pico/pico-sdk/lib/tinyusb/src/class/cdc/cdc_device.c.obj
                0x100062e8                cdcd_open
 .text.cdcd_control_xfer_cb
                0x100063ac      0x134 CMakeFiles/MPU6050.dir/Users/holgernavarroherrera/pico/pico-sdk/lib/tinyusb/src/class/cdc/cdc_device.c.obj
                0x100063ac                cdcd_control_xfer_cb
 .text.cdcd_xfer_cb
                0x100064e0      0x130 CMakeFiles/MPU6050.dir/Users/holgernavarroherrera/pico/pico-sdk/lib/tinyusb/src/class/cdc/cdc_device.c.obj
                0x100064e0                cdcd_xfer_cb
 .text.tusb_init
                0x10006610        0xa CMakeFiles/MPU6050.dir/Users/holgernavarroherrera/pico/pico-sdk/lib/tinyusb/src/tusb.c.obj
                0x10006610                tusb_init
 .text.tusb_inited
                0x1000661a        0xe CMakeFiles/MPU6050.dir/Users/holgernavarroherrera/pico/pico-sdk/lib/tinyusb/src/tusb.c.obj
                0x1000661a                tusb_inited
 .text.tu_edpt_claim
                0x10006628       0x50 CMakeFiles/MPU6050.dir/Users/holgernavarroherrera/pico/pico-sdk/lib/tinyusb/src/tusb.c.obj
                0x10006628                tu_edpt_claim
 .text.tu_edpt_release
                0x10006678       0x38 CMakeFiles/MPU6050.dir/Users/holgernavarroherrera/pico/pico-sdk/lib/tinyusb/src/tusb.c.obj
                0x10006678                tu_edpt_release
 .text.tu_edpt_validate
                0x100066b0       0x78 CMakeFiles/MPU6050.dir/Users/holgernavarroherrera/pico/pico-sdk/lib/tinyusb/src/tusb.c.obj
                0x100066b0                tu_edpt_validate
 .text.tu_edpt_bind_driver
                0x10006728       0x26 CMakeFiles/MPU6050.dir/Users/holgernavarroherrera/pico/pico-sdk/lib/tinyusb/src/tusb.c.obj
                0x10006728                tu_edpt_bind_driver
 .text.advance_index
                0x1000674e       0x1a CMakeFiles/MPU6050.dir/Users/holgernavarroherrera/pico/pico-sdk/lib/tinyusb/src/common/tusb_fifo.c.obj
 .text._tu_fifo_peek
                0x10006768       0x56 CMakeFiles/MPU6050.dir/Users/holgernavarroherrera/pico/pico-sdk/lib/tinyusb/src/common/tusb_fifo.c.obj
 .text._ff_pull_const_addr
                0x100067be       0x4c CMakeFiles/MPU6050.dir/Users/holgernavarroherrera/pico/pico-sdk/lib/tinyusb/src/common/tusb_fifo.c.obj
 .text._ff_pull_n
                0x1000680a      0x110 CMakeFiles/MPU6050.dir/Users/holgernavarroherrera/pico/pico-sdk/lib/tinyusb/src/common/tusb_fifo.c.obj
 .text._tu_fifo_peek_n
                0x1000691a       0x6a CMakeFiles/MPU6050.dir/Users/holgernavarroherrera/pico/pico-sdk/lib/tinyusb/src/common/tusb_fifo.c.obj
 .text._tu_fifo_read_n
                0x10006984       0x4e CMakeFiles/MPU6050.dir/Users/holgernavarroherrera/pico/pico-sdk/lib/tinyusb/src/common/tusb_fifo.c.obj
 .text._ff_push_const_addr
                0x100069d2       0x40 CMakeFiles/MPU6050.dir/Users/holgernavarroherrera/pico/pico-sdk/lib/tinyusb/src/common/tusb_fifo.c.obj
 .text._ff_push_n
                0x10006a12      0x10c CMakeFiles/MPU6050.dir/Users/holgernavarroherrera/pico/pico-sdk/lib/tinyusb/src/common/tusb_fifo.c.obj
 .text._tu_fifo_write_n
                0x10006b1e       0xf0 CMakeFiles/MPU6050.dir/Users/holgernavarroherrera/pico/pico-sdk/lib/tinyusb/src/common/tusb_fifo.c.obj
 .text.tu_fifo_config
                0x10006c0e       0x7c CMakeFiles/MPU6050.dir/Users/holgernavarroherrera/pico/pico-sdk/lib/tinyusb/src/common/tusb_fifo.c.obj
                0x10006c0e                tu_fifo_config
 .text.tu_fifo_count
                0x10006c8a       0x2a CMakeFiles/MPU6050.dir/Users/holgernavarroherrera/pico/pico-sdk/lib/tinyusb/src/common/tusb_fifo.c.obj
                0x10006c8a                tu_fifo_count
 .text.tu_fifo_empty
                0x10006cb4        0xe CMakeFiles/MPU6050.dir/Users/holgernavarroherrera/pico/pico-sdk/lib/tinyusb/src/common/tusb_fifo.c.obj
                0x10006cb4                tu_fifo_empty
 .text.tu_fifo_full
                0x10006cc2       0x28 CMakeFiles/MPU6050.dir/Users/holgernavarroherrera/pico/pico-sdk/lib/tinyusb/src/common/tusb_fifo.c.obj
                0x10006cc2                tu_fifo_full
 .text.tu_fifo_remaining
                0x10006cea       0x2c CMakeFiles/MPU6050.dir/Users/holgernavarroherrera/pico/pico-sdk/lib/tinyusb/src/common/tusb_fifo.c.obj
                0x10006cea                tu_fifo_remaining
 .text.tu_fifo_read
                0x10006d16       0x42 CMakeFiles/MPU6050.dir/Users/holgernavarroherrera/pico/pico-sdk/lib/tinyusb/src/common/tusb_fifo.c.obj
                0x10006d16                tu_fifo_read
 .text.tu_fifo_read_n
                0x10006d58        0xa CMakeFiles/MPU6050.dir/Users/holgernavarroherrera/pico/pico-sdk/lib/tinyusb/src/common/tusb_fifo.c.obj
                0x10006d58                tu_fifo_read_n
 .text.tu_fifo_write
                0x10006d62       0x64 CMakeFiles/MPU6050.dir/Users/holgernavarroherrera/pico/pico-sdk/lib/tinyusb/src/common/tusb_fifo.c.obj
                0x10006d62                tu_fifo_write
 .text.tu_fifo_write_n
                0x10006dc6        0xa CMakeFiles/MPU6050.dir/Users/holgernavarroherrera/pico/pico-sdk/lib/tinyusb/src/common/tusb_fifo.c.obj
                0x10006dc6                tu_fifo_write_n
 .text.tu_fifo_clear
                0x10006dd0       0x3e CMakeFiles/MPU6050.dir/Users/holgernavarroherrera/pico/pico-sdk/lib/tinyusb/src/common/tusb_fifo.c.obj
                0x10006dd0                tu_fifo_clear
 .text.tu_fifo_set_overwritable
                0x10006e0e       0x46 CMakeFiles/MPU6050.dir/Users/holgernavarroherrera/pico/pico-sdk/lib/tinyusb/src/common/tusb_fifo.c.obj
                0x10006e0e                tu_fifo_set_overwritable
 .text.i2c_write_blocking_internal
                0x10006e54      0x146 CMakeFiles/MPU6050.dir/Users/holgernavarroherrera/pico/pico-sdk/src/rp2_common/hardware_i2c/i2c.c.obj
 .text.i2c_read_blocking_internal
                0x10006f9a       0xe6 CMakeFiles/MPU6050.dir/Users/holgernavarroherrera/pico/pico-sdk/src/rp2_common/hardware_i2c/i2c.c.obj
 .text.i2c_set_baudrate
                0x10007080       0xf0 CMakeFiles/MPU6050.dir/Users/holgernavarroherrera/pico/pico-sdk/src/rp2_common/hardware_i2c/i2c.c.obj
                0x10007080                i2c_set_baudrate
 .text.i2c_init
                0x10007170       0x58 CMakeFiles/MPU6050.dir/Users/holgernavarroherrera/pico/pico-sdk/src/rp2_common/hardware_i2c/i2c.c.obj
                0x10007170                i2c_init
 .text.i2c_write_blocking
                0x100071c8       0x18 CMakeFiles/MPU6050.dir/Users/holgernavarroherrera/pico/pico-sdk/src/rp2_common/hardware_i2c/i2c.c.obj
                0x100071c8                i2c_write_blocking
 .text.i2c_read_blocking
                0x100071e0       0x18 CMakeFiles/MPU6050.dir/Users/holgernavarroherrera/pico/pico-sdk/src/rp2_common/hardware_i2c/i2c.c.obj
                0x100071e0                i2c_read_blocking
 .text.adc_init
                0x100071f8       0x34 CMakeFiles/MPU6050.dir/Users/holgernavarroherrera/pico/pico-sdk/src/rp2_common/hardware_adc/adc.c.obj
                0x100071f8                adc_init
 .text.strlen   0x1000722c       0x5c /Applications/ArmGNUToolchain/13.2.Rel1/arm-none-eabi/bin/../lib/gcc/arm-none-eabi/13.2.1/../../../../arm-none-eabi/lib/thumb/v6-m/nofp/libg.a(libc_a-strlen-stub.o)
                0x1000722c                strlen
 *(.fini)
 .fini          0x10007288        0x4 /Applications/ArmGNUToolchain/13.2.Rel1/arm-none-eabi/bin/../lib/gcc/arm-none-eabi/13.2.1/thumb/v6-m/nofp/crti.o
                0x10007288                _fini
 *fill*         0x1000728c        0x4 
 .fini.__stub   0x10007290       0xe0 linker stubs
 *crtbegin.o(.ctors)
 *crtbegin?.o(.ctors)
 *(EXCLUDE_FILE(*crtend.o *crtend?.o) .ctors)
 *(SORT_BY_NAME(.ctors.*))
 *(.ctors)
 *crtbegin.o(.dtors)
 *crtbegin?.o(.dtors)
 *(EXCLUDE_FILE(*crtend.o *crtend?.o) .dtors)
 *(SORT_BY_NAME(.dtors.*))
 *(.dtors)
 *(.eh_frame*)
 .eh_frame      0x10007370        0x0 /Applications/ArmGNUToolchain/13.2.Rel1/arm-none-eabi/bin/../lib/gcc/arm-none-eabi/13.2.1/thumb/v6-m/nofp/crtbegin.o
                0x10007370                        . = ALIGN (0x4)

.glue_7         0x10007370        0x0
 .glue_7        0x10007370        0x0 linker stubs

.glue_7t        0x10007370        0x0
 .glue_7t       0x10007370        0x0 linker stubs

.vfp11_veneer   0x10007370        0x0
 .vfp11_veneer  0x10007370        0x0 linker stubs

.v4_bx          0x10007370        0x0
 .v4_bx         0x10007370        0x0 linker stubs

.iplt           0x10007370        0x0
 .iplt          0x10007370        0x0 /Applications/ArmGNUToolchain/13.2.Rel1/arm-none-eabi/bin/../lib/gcc/arm-none-eabi/13.2.1/thumb/v6-m/nofp/crtbegin.o

.rodata         0x10007370     0x1694
 *(EXCLUDE_FILE(*libm.a: *libc.a:*lib_a-mem*.o *libgcc.a:) .rodata*)
 .rodata.main.str1.4
                0x10007370      0xfd8 CMakeFiles/MPU6050.dir/src/main.c.obj
                                 0x27 (size before relaxing)
 .rodata.spin_lock_claim_unused.str1.4
                0x10008348       0x1b CMakeFiles/MPU6050.dir/Users/holgernavarroherrera/pico/pico-sdk/src/rp2_common/hardware_sync/sync.c.obj
 .rodata.resolve_branch.str1.4
                0x10008348       0x64 CMakeFiles/MPU6050.dir/Users/holgernavarroherrera/pico/pico-sdk/src/rp2_common/hardware_irq/irq.c.obj
 .rodata.make_branch.str1.4
                0x10008348       0x30 CMakeFiles/MPU6050.dir/Users/holgernavarroherrera/pico/pico-sdk/src/rp2_common/hardware_irq/irq.c.obj
 .rodata.insert_branch_and_link.str1.4
                0x10008348       0x10 CMakeFiles/MPU6050.dir/Users/holgernavarroherrera/pico/pico-sdk/src/rp2_common/hardware_irq/irq.c.obj
 .rodata.irq_set_exclusive_handler.str1.4
                0x10008348       0x36 CMakeFiles/MPU6050.dir/Users/holgernavarroherrera/pico/pico-sdk/src/rp2_common/hardware_irq/irq.c.obj
 .rodata.irq_add_shared_handler.str1.4
                0x10008348       0xc2 CMakeFiles/MPU6050.dir/Users/holgernavarroherrera/pico/pico-sdk/src/rp2_common/hardware_irq/irq.c.obj
 .rodata.irq_remove_handler.str1.4
                0x10008348       0x3a CMakeFiles/MPU6050.dir/Users/holgernavarroherrera/pico/pico-sdk/src/rp2_common/hardware_irq/irq.c.obj
 .rodata.irq_add_tail_to_free_list.str1.4
                0x10008348       0x3a CMakeFiles/MPU6050.dir/Users/holgernavarroherrera/pico/pico-sdk/src/rp2_common/hardware_irq/irq.c.obj
 .rodata.user_irq_claim_unused.str1.4
                0x10008348       0x1b CMakeFiles/MPU6050.dir/Users/holgernavarroherrera/pico/pico-sdk/src/rp2_common/hardware_irq/irq.c.obj
 .rodata.__func__.0
                0x10008348       0x1a CMakeFiles/MPU6050.dir/Users/holgernavarroherrera/pico/pico-sdk/src/rp2_common/hardware_irq/irq.c.obj
 *fill*         0x10008362        0x2 
 .rodata.__func__.1
                0x10008364       0x17 CMakeFiles/MPU6050.dir/Users/holgernavarroherrera/pico/pico-sdk/src/rp2_common/hardware_irq/irq.c.obj
 *fill*         0x1000837b        0x1 
 .rodata.__func__.2
                0x1000837c       0x13 CMakeFiles/MPU6050.dir/Users/holgernavarroherrera/pico/pico-sdk/src/rp2_common/hardware_irq/irq.c.obj
 *fill*         0x1000838f        0x1 
 .rodata.__func__.3
                0x10008390        0xc CMakeFiles/MPU6050.dir/Users/holgernavarroherrera/pico/pico-sdk/src/rp2_common/hardware_irq/irq.c.obj
 .rodata.__func__.4
                0x1000839c        0xf CMakeFiles/MPU6050.dir/Users/holgernavarroherrera/pico/pico-sdk/src/rp2_common/hardware_irq/irq.c.obj
 *fill*         0x100083ab        0x1 
 .rodata.__func__.5
                0x100083ac       0x17 CMakeFiles/MPU6050.dir/Users/holgernavarroherrera/pico/pico-sdk/src/rp2_common/hardware_irq/irq.c.obj
 *fill*         0x100083c3        0x1 
 .rodata.__func__.6
                0x100083c4       0x1a CMakeFiles/MPU6050.dir/Users/holgernavarroherrera/pico/pico-sdk/src/rp2_common/hardware_irq/irq.c.obj
 .rodata.update_us_since_boot.str1.4
                0x100083de       0x70 CMakeFiles/MPU6050.dir/Users/holgernavarroherrera/pico/pico-sdk/src/common/pico_sync/mutex.c.obj
 .rodata.str1.4
                0x100083de       0x99 CMakeFiles/MPU6050.dir/Users/holgernavarroherrera/pico/pico-sdk/src/common/pico_sync/mutex.c.obj
 *fill*         0x100083de        0x2 
 .rodata.__func__.1
                0x100083e0        0xb CMakeFiles/MPU6050.dir/Users/holgernavarroherrera/pico/pico-sdk/src/common/pico_sync/mutex.c.obj
 *fill*         0x100083eb        0x1 
 .rodata.__func__.3
                0x100083ec       0x18 CMakeFiles/MPU6050.dir/Users/holgernavarroherrera/pico/pico-sdk/src/common/pico_sync/mutex.c.obj
 .rodata.__func__.4
                0x10008404       0x15 CMakeFiles/MPU6050.dir/Users/holgernavarroherrera/pico/pico-sdk/src/common/pico_sync/mutex.c.obj
 .rodata.get_entry.str1.4
                0x10008419       0x6a CMakeFiles/MPU6050.dir/Users/holgernavarroherrera/pico/pico-sdk/src/common/pico_time/time.c.obj
 .rodata.update_us_since_boot.str1.4
                0x10008419       0x70 CMakeFiles/MPU6050.dir/Users/holgernavarroherrera/pico/pico-sdk/src/common/pico_time/time.c.obj
 .rodata.ph_get_node.str1.4
                0x10008419       0x75 CMakeFiles/MPU6050.dir/Users/holgernavarroherrera/pico/pico-sdk/src/common/pico_time/time.c.obj
 .rodata.ph_add_child_node.str1.4
                0x10008419       0x2e CMakeFiles/MPU6050.dir/Users/holgernavarroherrera/pico/pico-sdk/src/common/pico_time/time.c.obj
 .rodata.ph_insert_node.str1.4
                0x10008419        0x3 CMakeFiles/MPU6050.dir/Users/holgernavarroherrera/pico/pico-sdk/src/common/pico_time/time.c.obj
 .rodata.ph_free_node.str1.4
                0x10008419       0x38 CMakeFiles/MPU6050.dir/Users/holgernavarroherrera/pico/pico-sdk/src/common/pico_time/time.c.obj
 .rodata.add_alarm_under_lock.str1.4
                0x10008419       0x28 CMakeFiles/MPU6050.dir/Users/holgernavarroherrera/pico/pico-sdk/src/common/pico_time/time.c.obj
 .rodata.alarm_pool_alarm_callback.str1.4
                0x10008419       0x60 CMakeFiles/MPU6050.dir/Users/holgernavarroherrera/pico/pico-sdk/src/common/pico_time/time.c.obj
 .rodata.alarm_pool_get_default.str1.4
                0x10008419       0x21 CMakeFiles/MPU6050.dir/Users/holgernavarroherrera/pico/pico-sdk/src/common/pico_time/time.c.obj
 .rodata.alarm_pool_cancel_alarm.str1.4
                0x10008419       0x27 CMakeFiles/MPU6050.dir/Users/holgernavarroherrera/pico/pico-sdk/src/common/pico_time/time.c.obj
 .rodata.sleep_until.str1.4
                0x10008419       0x4d CMakeFiles/MPU6050.dir/Users/holgernavarroherrera/pico/pico-sdk/src/common/pico_time/time.c.obj
 *fill*         0x10008419        0x3 
 .rodata.__func__.1
                0x1000841c       0x18 CMakeFiles/MPU6050.dir/Users/holgernavarroherrera/pico/pico-sdk/src/common/pico_time/time.c.obj
 .rodata.__func__.3
                0x10008434       0x17 CMakeFiles/MPU6050.dir/Users/holgernavarroherrera/pico/pico-sdk/src/common/pico_time/time.c.obj
 *fill*         0x1000844b        0x1 
 .rodata.__func__.4
                0x1000844c       0x12 CMakeFiles/MPU6050.dir/Users/holgernavarroherrera/pico/pico-sdk/src/common/pico_time/time.c.obj
 *fill*         0x1000845e        0x2 
 .rodata.__func__.5
                0x10008460        0xd CMakeFiles/MPU6050.dir/Users/holgernavarroherrera/pico/pico-sdk/src/common/pico_time/time.c.obj
 *fill*         0x1000846d        0x3 
 .rodata.__func__.6
                0x10008470       0x12 CMakeFiles/MPU6050.dir/Users/holgernavarroherrera/pico/pico-sdk/src/common/pico_time/time.c.obj
 *fill*         0x10008482        0x2 
 .rodata.__func__.7
                0x10008484        0xf CMakeFiles/MPU6050.dir/Users/holgernavarroherrera/pico/pico-sdk/src/common/pico_time/time.c.obj
 *fill*         0x10008493        0x1 
 .rodata.__func__.8
                0x10008494        0xc CMakeFiles/MPU6050.dir/Users/holgernavarroherrera/pico/pico-sdk/src/common/pico_time/time.c.obj
 .rodata.__func__.9
                0x100084a0       0x15 CMakeFiles/MPU6050.dir/Users/holgernavarroherrera/pico/pico-sdk/src/common/pico_time/time.c.obj
 *fill*         0x100084b5        0x3 
 .rodata.__func__.10
                0x100084b8       0x15 CMakeFiles/MPU6050.dir/Users/holgernavarroherrera/pico/pico-sdk/src/common/pico_time/time.c.obj
 *fill*         0x100084cd        0x3 
 .rodata.__func__.11
                0x100084d0       0x1a CMakeFiles/MPU6050.dir/Users/holgernavarroherrera/pico/pico-sdk/src/common/pico_time/time.c.obj
 *fill*         0x100084ea        0x2 
 .rodata.__func__.12
                0x100084ec        0xa CMakeFiles/MPU6050.dir/Users/holgernavarroherrera/pico/pico-sdk/src/common/pico_time/time.c.obj
 .rodata.hardware_alarm_claim.str1.4
                0x100084f6       0x22 CMakeFiles/MPU6050.dir/Users/holgernavarroherrera/pico/pico-sdk/src/rp2_common/hardware_timer/timer.c.obj
 .rodata.hardware_alarm_set_target.str1.4
                0x100084f6       0x74 CMakeFiles/MPU6050.dir/Users/holgernavarroherrera/pico/pico-sdk/src/rp2_common/hardware_timer/timer.c.obj
 *fill*         0x100084f6        0x2 
 .rodata.__func__.0
                0x100084f8       0x1a CMakeFiles/MPU6050.dir/Users/holgernavarroherrera/pico/pico-sdk/src/rp2_common/hardware_timer/timer.c.obj
 .rodata.ph_get_node.str1.4
                0x10008512       0x75 CMakeFiles/MPU6050.dir/Users/holgernavarroherrera/pico/pico-sdk/src/common/pico_util/pheap.c.obj
 .rodata.ph_add_child_node.str1.4
                0x10008512       0x2e CMakeFiles/MPU6050.dir/Users/holgernavarroherrera/pico/pico-sdk/src/common/pico_util/pheap.c.obj
 .rodata.ph_remove_any_head.str1.4
                0x10008512       0xb0 CMakeFiles/MPU6050.dir/Users/holgernavarroherrera/pico/pico-sdk/src/common/pico_util/pheap.c.obj
 .rodata.ph_remove_and_free_node.str1.4
                0x10008512       0x26 CMakeFiles/MPU6050.dir/Users/holgernavarroherrera/pico/pico-sdk/src/common/pico_util/pheap.c.obj
 *fill*         0x10008512        0x2 
 .rodata.__func__.0
                0x10008514       0x18 CMakeFiles/MPU6050.dir/Users/holgernavarroherrera/pico/pico-sdk/src/common/pico_util/pheap.c.obj
 .rodata.__func__.1
                0x1000852c       0x13 CMakeFiles/MPU6050.dir/Users/holgernavarroherrera/pico/pico-sdk/src/common/pico_util/pheap.c.obj
 *fill*         0x1000853f        0x1 
 .rodata.__func__.2
                0x10008540       0x12 CMakeFiles/MPU6050.dir/Users/holgernavarroherrera/pico/pico-sdk/src/common/pico_util/pheap.c.obj
 *fill*         0x10008552        0x2 
 .rodata.__func__.3
                0x10008554        0xc CMakeFiles/MPU6050.dir/Users/holgernavarroherrera/pico/pico-sdk/src/common/pico_util/pheap.c.obj
 .rodata.clock_configure.str1.4
                0x10008560       0x66 CMakeFiles/MPU6050.dir/Users/holgernavarroherrera/pico/pico-sdk/src/rp2_common/hardware_clocks/clocks.c.obj
 .rodata.__func__.1
                0x10008560       0x10 CMakeFiles/MPU6050.dir/Users/holgernavarroherrera/pico/pico-sdk/src/rp2_common/hardware_clocks/clocks.c.obj
 .rodata.pll_init.str1.4
                0x10008570      0x130 CMakeFiles/MPU6050.dir/Users/holgernavarroherrera/pico/pico-sdk/src/rp2_common/hardware_pll/pll.c.obj
 .rodata.__func__.0
                0x10008570        0x9 CMakeFiles/MPU6050.dir/Users/holgernavarroherrera/pico/pico-sdk/src/rp2_common/hardware_pll/pll.c.obj
 .rodata.__assert_func.str1.4
                0x10008579       0x43 CMakeFiles/MPU6050.dir/Users/holgernavarroherrera/pico/pico-sdk/src/rp2_common/pico_runtime/runtime.c.obj
 .rodata.runtime_init.str1.4
                0x10008579       0x70 CMakeFiles/MPU6050.dir/Users/holgernavarroherrera/pico/pico-sdk/src/rp2_common/pico_runtime/runtime.c.obj
 .rodata.panic.str1.4
                0x10008579       0x12 CMakeFiles/MPU6050.dir/Users/holgernavarroherrera/pico/pico-sdk/src/rp2_common/pico_runtime/runtime.c.obj
 *fill*         0x10008579        0x3 
 .rodata.__func__.2
                0x1000857c        0xd CMakeFiles/MPU6050.dir/Users/holgernavarroherrera/pico/pico-sdk/src/rp2_common/pico_runtime/runtime.c.obj
 .rodata._ftoa.str1.4
                0x10008589       0x15 CMakeFiles/MPU6050.dir/Users/holgernavarroherrera/pico/pico-sdk/src/rp2_common/pico_printf/printf.c.obj
 *fill*         0x10008589        0x3 
 .rodata._vsnprintf
                0x1000858c      0x19c CMakeFiles/MPU6050.dir/Users/holgernavarroherrera/pico/pico-sdk/src/rp2_common/pico_printf/printf.c.obj
 .rodata.pow10.0
                0x10008728       0x50 CMakeFiles/MPU6050.dir/Users/holgernavarroherrera/pico/pico-sdk/src/rp2_common/pico_printf/printf.c.obj
 .rodata.__aeabi_double_init.str1.4
                0x10008778       0xab CMakeFiles/MPU6050.dir/Users/holgernavarroherrera/pico/pico-sdk/src/rp2_common/pico_double/double_init_rom.c.obj
 .rodata.__func__.0
                0x10008778       0x14 CMakeFiles/MPU6050.dir/Users/holgernavarroherrera/pico/pico-sdk/src/rp2_common/pico_double/double_init_rom.c.obj
 .rodata.__aeabi_float_init.str1.4
                0x1000878c       0x8d CMakeFiles/MPU6050.dir/Users/holgernavarroherrera/pico/pico-sdk/src/rp2_common/pico_float/float_init_rom.c.obj
 .rodata.__func__.0
                0x1000878c       0x13 CMakeFiles/MPU6050.dir/Users/holgernavarroherrera/pico/pico-sdk/src/rp2_common/pico_float/float_init_rom.c.obj
 .rodata.str1.4
                0x1000879f       0x3c CMakeFiles/MPU6050.dir/Users/holgernavarroherrera/pico/pico-sdk/src/rp2_common/pico_standard_link/binary_info.c.obj
 *fill*         0x1000879f        0x1 
 .rodata.__bi_81
                0x100087a0        0xc CMakeFiles/MPU6050.dir/Users/holgernavarroherrera/pico/pico-sdk/src/rp2_common/pico_standard_link/binary_info.c.obj
 .rodata.__bi_75
                0x100087ac        0xc CMakeFiles/MPU6050.dir/Users/holgernavarroherrera/pico/pico-sdk/src/rp2_common/pico_standard_link/binary_info.c.obj
 .rodata.__bi_44
                0x100087b8        0xc CMakeFiles/MPU6050.dir/Users/holgernavarroherrera/pico/pico-sdk/src/rp2_common/pico_standard_link/binary_info.c.obj
 .rodata.update_us_since_boot.str1.4
                0x100087c4       0x70 CMakeFiles/MPU6050.dir/Users/holgernavarroherrera/pico/pico-sdk/src/rp2_common/pico_stdio/stdio.c.obj
 .rodata.crlf_str.2
                0x100087c4        0x2 CMakeFiles/MPU6050.dir/Users/holgernavarroherrera/pico/pico-sdk/src/rp2_common/pico_stdio/stdio.c.obj
 *fill*         0x100087c6        0x2 
 .rodata.__func__.3
                0x100087c8       0x15 CMakeFiles/MPU6050.dir/Users/holgernavarroherrera/pico/pico-sdk/src/rp2_common/pico_stdio/stdio.c.obj
 *fill*         0x100087dd        0x3 
 .rodata._resetd_driver
                0x100087e0       0x18 CMakeFiles/MPU6050.dir/Users/holgernavarroherrera/pico/pico-sdk/src/rp2_common/pico_stdio_usb/reset_interface.c.obj
 .rodata.update_us_since_boot.str1.4
                0x100087f8       0x70 CMakeFiles/MPU6050.dir/Users/holgernavarroherrera/pico/pico-sdk/src/rp2_common/pico_stdio_usb/stdio_usb.c.obj
 .rodata.stdio_usb_init.str1.4
                0x100087f8       0x5c CMakeFiles/MPU6050.dir/Users/holgernavarroherrera/pico/pico-sdk/src/rp2_common/pico_stdio_usb/stdio_usb.c.obj
 .rodata.str1.4
                0x100087f8       0x13 CMakeFiles/MPU6050.dir/Users/holgernavarroherrera/pico/pico-sdk/src/rp2_common/pico_stdio_usb/stdio_usb.c.obj
 .rodata.__bi_182.0
                0x100087f8        0xc CMakeFiles/MPU6050.dir/Users/holgernavarroherrera/pico/pico-sdk/src/rp2_common/pico_stdio_usb/stdio_usb.c.obj
 .rodata.__func__.1
                0x10008804        0xf CMakeFiles/MPU6050.dir/Users/holgernavarroherrera/pico/pico-sdk/src/rp2_common/pico_stdio_usb/stdio_usb.c.obj
 *fill*         0x10008813        0x1 
 .rodata.__func__.3
                0x10008814       0x15 CMakeFiles/MPU6050.dir/Users/holgernavarroherrera/pico/pico-sdk/src/rp2_common/pico_stdio_usb/stdio_usb.c.obj
 .rodata.str1.4
                0x10008829       0x2a CMakeFiles/MPU6050.dir/Users/holgernavarroherrera/pico/pico-sdk/src/rp2_common/pico_stdio_usb/stdio_usb_descriptors.c.obj
 *fill*         0x10008829        0x3 
 .rodata.usbd_desc_str
                0x1000882c       0x18 CMakeFiles/MPU6050.dir/Users/holgernavarroherrera/pico/pico-sdk/src/rp2_common/pico_stdio_usb/stdio_usb_descriptors.c.obj
 .rodata.usbd_desc_cfg
                0x10008844       0x54 CMakeFiles/MPU6050.dir/Users/holgernavarroherrera/pico/pico-sdk/src/rp2_common/pico_stdio_usb/stdio_usb_descriptors.c.obj
 .rodata.usbd_desc_device
                0x10008898       0x12 CMakeFiles/MPU6050.dir/Users/holgernavarroherrera/pico/pico-sdk/src/rp2_common/pico_stdio_usb/stdio_usb_descriptors.c.obj
 .rodata.pico_get_unique_board_id_string.str1.4
                0x100088aa       0x5c CMakeFiles/MPU6050.dir/Users/holgernavarroherrera/pico/pico-sdk/src/rp2_common/pico_unique_id/unique_id.c.obj
 *fill*         0x100088aa        0x2 
 .rodata.__func__.0
                0x100088ac       0x20 CMakeFiles/MPU6050.dir/Users/holgernavarroherrera/pico/pico-sdk/src/rp2_common/pico_unique_id/unique_id.c.obj
 .rodata.str1.4
                0x100088cc      0x166 CMakeFiles/MPU6050.dir/Users/holgernavarroherrera/pico/pico-sdk/src/rp2_common/hardware_flash/flash.c.obj
 .rodata.__func__.0
                0x100088cc        0xd CMakeFiles/MPU6050.dir/Users/holgernavarroherrera/pico/pico-sdk/src/rp2_common/hardware_flash/flash.c.obj
 .rodata._hw_endpoint_alloc.str1.4
                0x100088d9       0xc5 CMakeFiles/MPU6050.dir/Users/holgernavarroherrera/pico/pico-sdk/lib/tinyusb/src/portable/raspberrypi/rp2040/dcd_rp2040.c.obj
 .rodata.str1.4
                0x100088d9       0x14 CMakeFiles/MPU6050.dir/Users/holgernavarroherrera/pico/pico-sdk/lib/tinyusb/src/portable/raspberrypi/rp2040/dcd_rp2040.c.obj
 .rodata.dcd_int_enable.str1.4
                0x100088d9        0xc CMakeFiles/MPU6050.dir/Users/holgernavarroherrera/pico/pico-sdk/lib/tinyusb/src/portable/raspberrypi/rp2040/dcd_rp2040.c.obj
 *fill*         0x100088d9        0x3 
 .rodata.__func__.0
                0x100088dc        0xe CMakeFiles/MPU6050.dir/Users/holgernavarroherrera/pico/pico-sdk/lib/tinyusb/src/portable/raspberrypi/rp2040/dcd_rp2040.c.obj
 *fill*         0x100088ea        0x2 
 .rodata.__func__.1
                0x100088ec        0xe CMakeFiles/MPU6050.dir/Users/holgernavarroherrera/pico/pico-sdk/lib/tinyusb/src/portable/raspberrypi/rp2040/dcd_rp2040.c.obj
 *fill*         0x100088fa        0x2 
 .rodata.__func__.3
                0x100088fc       0x10 CMakeFiles/MPU6050.dir/Users/holgernavarroherrera/pico/pico-sdk/lib/tinyusb/src/portable/raspberrypi/rp2040/dcd_rp2040.c.obj
 .rodata.__func__.5
                0x1000890c        0xf CMakeFiles/MPU6050.dir/Users/holgernavarroherrera/pico/pico-sdk/lib/tinyusb/src/portable/raspberrypi/rp2040/dcd_rp2040.c.obj
 *fill*         0x1000891b        0x1 
 .rodata.__func__.6
                0x1000891c       0x13 CMakeFiles/MPU6050.dir/Users/holgernavarroherrera/pico/pico-sdk/lib/tinyusb/src/portable/raspberrypi/rp2040/dcd_rp2040.c.obj
 *fill*         0x1000892f        0x1 
 .rodata.__func__.7
                0x10008930        0x9 CMakeFiles/MPU6050.dir/Users/holgernavarroherrera/pico/pico-sdk/lib/tinyusb/src/portable/raspberrypi/rp2040/dcd_rp2040.c.obj
 .rodata.str1.4
                0x10008939       0xf7 CMakeFiles/MPU6050.dir/Users/holgernavarroherrera/pico/pico-sdk/lib/tinyusb/src/portable/raspberrypi/rp2040/rp2040_usb.c.obj
 *fill*         0x10008939        0x3 
 .rodata.__func__.0
                0x1000893c        0xf CMakeFiles/MPU6050.dir/Users/holgernavarroherrera/pico/pico-sdk/lib/tinyusb/src/portable/raspberrypi/rp2040/rp2040_usb.c.obj
 *fill*         0x1000894b        0x1 
 .rodata.process_get_descriptor
                0x1000894c       0x40 CMakeFiles/MPU6050.dir/Users/holgernavarroherrera/pico/pico-sdk/lib/tinyusb/src/device/usbd.c.obj
 .rodata.process_control_request
                0x1000898c       0x28 CMakeFiles/MPU6050.dir/Users/holgernavarroherrera/pico/pico-sdk/lib/tinyusb/src/device/usbd.c.obj
 .rodata.tud_task_ext
                0x100089b4       0x24 CMakeFiles/MPU6050.dir/Users/holgernavarroherrera/pico/pico-sdk/lib/tinyusb/src/device/usbd.c.obj
 .rodata._usbd_driver
                0x100089d8       0x18 CMakeFiles/MPU6050.dir/Users/holgernavarroherrera/pico/pico-sdk/lib/tinyusb/src/device/usbd.c.obj
 .rodata.i2c_set_baudrate.str1.4
                0x100089f0       0x6c CMakeFiles/MPU6050.dir/Users/holgernavarroherrera/pico/pico-sdk/src/rp2_common/hardware_i2c/i2c.c.obj
 .rodata.__func__.0
                0x100089f0       0x11 CMakeFiles/MPU6050.dir/Users/holgernavarroherrera/pico/pico-sdk/src/rp2_common/hardware_i2c/i2c.c.obj
                0x10008a5c                        . = ALIGN (0x4)
 *fill*         0x10008a01        0x3 
 *(SORT_BY_ALIGNMENT(SORT_BY_NAME(.flashdata*)))
                0x10008a04                        . = ALIGN (0x4)

.ARM.extab
 *(.ARM.extab* .gnu.linkonce.armextab.*)
                0x10008a04                        __exidx_start = .

.ARM.exidx
 *(.ARM.exidx* .gnu.linkonce.armexidx.*)
                0x10008a04                        __exidx_end = .
                0x10008a04                        . = ALIGN (0x4)
                0x10008a04                        __binary_info_start = .

.binary_info    0x10008a04       0x20
 *(.binary_info.keep.*)
 .binary_info.keep.__bi_ptr81
                0x10008a04        0x4 CMakeFiles/MPU6050.dir/Users/holgernavarroherrera/pico/pico-sdk/src/rp2_common/pico_standard_link/binary_info.c.obj
 .binary_info.keep.__bi_ptr75
                0x10008a08        0x4 CMakeFiles/MPU6050.dir/Users/holgernavarroherrera/pico/pico-sdk/src/rp2_common/pico_standard_link/binary_info.c.obj
 .binary_info.keep.__bi_ptr50
                0x10008a0c        0x4 CMakeFiles/MPU6050.dir/Users/holgernavarroherrera/pico/pico-sdk/src/rp2_common/pico_standard_link/binary_info.c.obj
 .binary_info.keep.__bi_ptr44
                0x10008a10        0x4 CMakeFiles/MPU6050.dir/Users/holgernavarroherrera/pico/pico-sdk/src/rp2_common/pico_standard_link/binary_info.c.obj
 .binary_info.keep.__bi_ptr38
                0x10008a14        0x4 CMakeFiles/MPU6050.dir/Users/holgernavarroherrera/pico/pico-sdk/src/rp2_common/pico_standard_link/binary_info.c.obj
 .binary_info.keep.__bi_ptr30
                0x10008a18        0x4 CMakeFiles/MPU6050.dir/Users/holgernavarroherrera/pico/pico-sdk/src/rp2_common/pico_standard_link/binary_info.c.obj
 .binary_info.keep.__bi_ptr22
                0x10008a1c        0x4 CMakeFiles/MPU6050.dir/Users/holgernavarroherrera/pico/pico-sdk/src/rp2_common/pico_standard_link/binary_info.c.obj
 *(.binary_info.*)
 .binary_info.__bi_ptr182
                0x10008a20        0x4 CMakeFiles/MPU6050.dir/Users/holgernavarroherrera/pico/pico-sdk/src/rp2_common/pico_stdio_usb/stdio_usb.c.obj
                0x10008a24                        __binary_info_end = .

.rel.dyn        0x10008a24        0x0
 .rel.iplt      0x10008a24        0x0 /Applications/ArmGNUToolchain/13.2.Rel1/arm-none-eabi/bin/../lib/gcc/arm-none-eabi/13.2.1/thumb/v6-m/nofp/crtbegin.o
                0x10008a24                        . = ALIGN (0x4)

.ram_vector_table
                0x20000000       0xc0
 *(.ram_vector_table)
 .ram_vector_table
                0x20000000       0xc0 CMakeFiles/MPU6050.dir/Users/holgernavarroherrera/pico/pico-sdk/src/rp2_common/pico_runtime/runtime.c.obj
                0x20000000                ram_vector_table

.data           0x200000c0      0xb50 load address 0x10008a24
                0x200000c0                        __data_start__ = .
 *(vtable)
 *(.time_critical*)
 .time_critical.mutex_try_enter
                0x200000c0       0x46 CMakeFiles/MPU6050.dir/Users/holgernavarroherrera/pico/pico-sdk/src/common/pico_sync/mutex.c.obj
                0x200000c0                mutex_try_enter
 *fill*         0x20000106        0x2 
 .time_critical.mutex_enter_block_until
                0x20000108       0x8c CMakeFiles/MPU6050.dir/Users/holgernavarroherrera/pico/pico-sdk/src/common/pico_sync/mutex.c.obj
                0x20000108                mutex_enter_block_until
 .time_critical.mutex_try_enter_block_until
                0x20000194       0x34 CMakeFiles/MPU6050.dir/Users/holgernavarroherrera/pico/pico-sdk/src/common/pico_sync/mutex.c.obj
                0x20000194                mutex_try_enter_block_until
 .time_critical.mutex_enter_timeout_ms
                0x200001c8       0x1a CMakeFiles/MPU6050.dir/Users/holgernavarroherrera/pico/pico-sdk/src/common/pico_sync/mutex.c.obj
                0x200001c8                mutex_enter_timeout_ms
 *fill*         0x200001e2        0x2 
 .time_critical.mutex_exit
                0x200001e4       0x4c CMakeFiles/MPU6050.dir/Users/holgernavarroherrera/pico/pico-sdk/src/common/pico_sync/mutex.c.obj
                0x200001e4                mutex_exit
 .time_critical.flash_init_boot2_copyout
                0x20000230       0x30 CMakeFiles/MPU6050.dir/Users/holgernavarroherrera/pico/pico-sdk/src/rp2_common/hardware_flash/flash.c.obj
 .time_critical.flash_enable_xip_via_boot2
                0x20000260        0xc CMakeFiles/MPU6050.dir/Users/holgernavarroherrera/pico/pico-sdk/src/rp2_common/hardware_flash/flash.c.obj
 .time_critical.flash_cs_force
                0x2000026c       0x28 CMakeFiles/MPU6050.dir/Users/holgernavarroherrera/pico/pico-sdk/src/rp2_common/hardware_flash/flash.c.obj
 .time_critical.flash_do_cmd
                0x20000294       0xd8 CMakeFiles/MPU6050.dir/Users/holgernavarroherrera/pico/pico-sdk/src/rp2_common/hardware_flash/flash.c.obj
                0x20000294                flash_do_cmd
 .time_critical.reset_non_control_endpoints
                0x2000036c       0x40 CMakeFiles/MPU6050.dir/Users/holgernavarroherrera/pico/pico-sdk/lib/tinyusb/src/portable/raspberrypi/rp2040/dcd_rp2040.c.obj
 .time_critical.hw_handle_buff_status
                0x200003ac       0xa4 CMakeFiles/MPU6050.dir/Users/holgernavarroherrera/pico/pico-sdk/lib/tinyusb/src/portable/raspberrypi/rp2040/dcd_rp2040.c.obj
 .time_critical.dcd_rp2040_irq
                0x20000450      0x1b8 CMakeFiles/MPU6050.dir/Users/holgernavarroherrera/pico/pico-sdk/lib/tinyusb/src/portable/raspberrypi/rp2040/dcd_rp2040.c.obj
 .time_critical.e15_is_bulkin_ep
                0x20000608       0x2c CMakeFiles/MPU6050.dir/Users/holgernavarroherrera/pico/pico-sdk/lib/tinyusb/src/portable/raspberrypi/rp2040/rp2040_usb.c.obj
 .time_critical.e15_is_critical_frame_period
                0x20000634       0x30 CMakeFiles/MPU6050.dir/Users/holgernavarroherrera/pico/pico-sdk/lib/tinyusb/src/portable/raspberrypi/rp2040/rp2040_usb.c.obj
 .time_critical.prepare_ep_buffer
                0x20000664       0x6c CMakeFiles/MPU6050.dir/Users/holgernavarroherrera/pico/pico-sdk/lib/tinyusb/src/portable/raspberrypi/rp2040/rp2040_usb.c.obj
 .time_critical.sync_ep_buffer